Archive member included to satisfy reference by file (symbol)

/home/mpitiot/opt/gcc-arm-none-eabi-6-2017-q1-update/bin/../lib/gcc/arm-none-eabi/6.3.1/../../../../arm-none-eabi/lib/thumb/v7-m/libc_nano.a(lib_a-exit.o)
                              /home/mpitiot/opt/gcc-arm-none-eabi-6-2017-q1-update/bin/../lib/gcc/arm-none-eabi/6.3.1/../../../../arm-none-eabi/lib/thumb/v7-m/crt0.o (exit)
/home/mpitiot/opt/gcc-arm-none-eabi-6-2017-q1-update/bin/../lib/gcc/arm-none-eabi/6.3.1/../../../../arm-none-eabi/lib/thumb/v7-m/libc_nano.a(lib_a-impure.o)
                              /home/mpitiot/opt/gcc-arm-none-eabi-6-2017-q1-update/bin/../lib/gcc/arm-none-eabi/6.3.1/../../../../arm-none-eabi/lib/thumb/v7-m/libc_nano.a(lib_a-exit.o) (_global_impure_ptr)
/home/mpitiot/opt/gcc-arm-none-eabi-6-2017-q1-update/bin/../lib/gcc/arm-none-eabi/6.3.1/../../../../arm-none-eabi/lib/thumb/v7-m/libc_nano.a(lib_a-init.o)
                              /home/mpitiot/opt/gcc-arm-none-eabi-6-2017-q1-update/bin/../lib/gcc/arm-none-eabi/6.3.1/../../../../arm-none-eabi/lib/thumb/v7-m/crt0.o (__libc_init_array)
/home/mpitiot/opt/gcc-arm-none-eabi-6-2017-q1-update/bin/../lib/gcc/arm-none-eabi/6.3.1/../../../../arm-none-eabi/lib/thumb/v7-m/libc_nano.a(lib_a-memset.o)
                              /home/mpitiot/opt/gcc-arm-none-eabi-6-2017-q1-update/bin/../lib/gcc/arm-none-eabi/6.3.1/../../../../arm-none-eabi/lib/thumb/v7-m/crt0.o (memset)
/home/mpitiot/opt/gcc-arm-none-eabi-6-2017-q1-update/bin/../lib/gcc/arm-none-eabi/6.3.1/../../../../arm-none-eabi/lib/thumb/v7-m/libc_nano.a(lib_a-strlen.o)
                              build/Trace.o (strlen)
/home/mpitiot/opt/gcc-arm-none-eabi-6-2017-q1-update/bin/../lib/gcc/arm-none-eabi/6.3.1/../../../../arm-none-eabi/lib/thumb/v7-m/libc_nano.a(lib_a-vsnprintf.o)
                              build/Trace.o (vsnprintf)
/home/mpitiot/opt/gcc-arm-none-eabi-6-2017-q1-update/bin/../lib/gcc/arm-none-eabi/6.3.1/../../../../arm-none-eabi/lib/thumb/v7-m/libc_nano.a(lib_a-nano-svfprintf.o)
                              /home/mpitiot/opt/gcc-arm-none-eabi-6-2017-q1-update/bin/../lib/gcc/arm-none-eabi/6.3.1/../../../../arm-none-eabi/lib/thumb/v7-m/libc_nano.a(lib_a-vsnprintf.o) (_svfprintf_r)
/home/mpitiot/opt/gcc-arm-none-eabi-6-2017-q1-update/bin/../lib/gcc/arm-none-eabi/6.3.1/../../../../arm-none-eabi/lib/thumb/v7-m/libc_nano.a(lib_a-nano-vfprintf_i.o)
                              /home/mpitiot/opt/gcc-arm-none-eabi-6-2017-q1-update/bin/../lib/gcc/arm-none-eabi/6.3.1/../../../../arm-none-eabi/lib/thumb/v7-m/libc_nano.a(lib_a-nano-svfprintf.o) (_printf_i)
/home/mpitiot/opt/gcc-arm-none-eabi-6-2017-q1-update/bin/../lib/gcc/arm-none-eabi/6.3.1/../../../../arm-none-eabi/lib/thumb/v7-m/libc_nano.a(lib_a-memchr-stub.o)
                              /home/mpitiot/opt/gcc-arm-none-eabi-6-2017-q1-update/bin/../lib/gcc/arm-none-eabi/6.3.1/../../../../arm-none-eabi/lib/thumb/v7-m/libc_nano.a(lib_a-nano-svfprintf.o) (memchr)
/home/mpitiot/opt/gcc-arm-none-eabi-6-2017-q1-update/bin/../lib/gcc/arm-none-eabi/6.3.1/../../../../arm-none-eabi/lib/thumb/v7-m/libc_nano.a(lib_a-memcpy-stub.o)
                              /home/mpitiot/opt/gcc-arm-none-eabi-6-2017-q1-update/bin/../lib/gcc/arm-none-eabi/6.3.1/../../../../arm-none-eabi/lib/thumb/v7-m/libc_nano.a(lib_a-nano-svfprintf.o) (memcpy)
/home/mpitiot/opt/gcc-arm-none-eabi-6-2017-q1-update/bin/../lib/gcc/arm-none-eabi/6.3.1/../../../../arm-none-eabi/lib/thumb/v7-m/libc_nano.a(lib_a-memmove.o)
                              /home/mpitiot/opt/gcc-arm-none-eabi-6-2017-q1-update/bin/../lib/gcc/arm-none-eabi/6.3.1/../../../../arm-none-eabi/lib/thumb/v7-m/libc_nano.a(lib_a-nano-svfprintf.o) (memmove)
/home/mpitiot/opt/gcc-arm-none-eabi-6-2017-q1-update/bin/../lib/gcc/arm-none-eabi/6.3.1/../../../../arm-none-eabi/lib/thumb/v7-m/libc_nano.a(lib_a-nano-freer.o)
                              /home/mpitiot/opt/gcc-arm-none-eabi-6-2017-q1-update/bin/../lib/gcc/arm-none-eabi/6.3.1/../../../../arm-none-eabi/lib/thumb/v7-m/libc_nano.a(lib_a-nano-svfprintf.o) (_free_r)
/home/mpitiot/opt/gcc-arm-none-eabi-6-2017-q1-update/bin/../lib/gcc/arm-none-eabi/6.3.1/../../../../arm-none-eabi/lib/thumb/v7-m/libc_nano.a(lib_a-nano-mallocr.o)
                              /home/mpitiot/opt/gcc-arm-none-eabi-6-2017-q1-update/bin/../lib/gcc/arm-none-eabi/6.3.1/../../../../arm-none-eabi/lib/thumb/v7-m/libc_nano.a(lib_a-nano-svfprintf.o) (_malloc_r)
/home/mpitiot/opt/gcc-arm-none-eabi-6-2017-q1-update/bin/../lib/gcc/arm-none-eabi/6.3.1/../../../../arm-none-eabi/lib/thumb/v7-m/libc_nano.a(lib_a-nano-reallocr.o)
                              /home/mpitiot/opt/gcc-arm-none-eabi-6-2017-q1-update/bin/../lib/gcc/arm-none-eabi/6.3.1/../../../../arm-none-eabi/lib/thumb/v7-m/libc_nano.a(lib_a-nano-svfprintf.o) (_realloc_r)
/home/mpitiot/opt/gcc-arm-none-eabi-6-2017-q1-update/bin/../lib/gcc/arm-none-eabi/6.3.1/../../../../arm-none-eabi/lib/thumb/v7-m/libc_nano.a(lib_a-sbrkr.o)
[...]
Memory Configuration

Name             Origin             Length             Attributes
RAM              0x0000000020000000 0x0000000000005000 xrw
FLASH            0x0000000008000000 0x0000000000010000 xr
*default*        0x0000000000000000 0xffffffffffffffff

Linker script and memory map

LOAD /home/mpitiot/opt/gcc-arm-none-eabi-6-2017-q1-update/bin/../lib/gcc/arm-none-eabi/6.3.1/thumb/v7-m/crti.o
LOAD /home/mpitiot/opt/gcc-arm-none-eabi-6-2017-q1-update/bin/../lib/gcc/arm-none-eabi/6.3.1/thumb/v7-m/crtbegin.o
LOAD /home/mpitiot/opt/gcc-arm-none-eabi-6-2017-q1-update/bin/../lib/gcc/arm-none-eabi/6.3.1/../../../../arm-none-eabi/lib/thumb/v7-m/crt0.o
LOAD build/stm32f1xx_hal_rcc_ex.o
LOAD build/stm32f1xx_hal_dma.o
LOAD build/stm32f1xx_hal_pcd.o
LOAD build/stm32f1xx_hal_tim.o
LOAD build/stm32f1xx_hal_pcd_ex.o
LOAD build/stm32f1xx_hal.o
LOAD build/stm32f1xx_hal_gpio_ex.o
LOAD build/stm32f1xx_it.o
LOAD build/stm32f1xx_hal_cortex.o
LOAD build/stm32f1xx_hal_pwr.o
LOAD build/stm32f1xx_hal_rcc.o
LOAD build/main.o
LOAD build/usbd_ctlreq.o
LOAD build/system_stm32f1xx.o
LOAD build/usbd_ioreq.o
LOAD build/usbd_hid.o
LOAD build/stm32f1xx_hal_gpio.o
LOAD build/stm32f1xx_hal_tim_ex.o
LOAD build/usbd_core.o
LOAD build/stm32f1xx_hal_msp.o
LOAD build/stm32f1xx_hal_flash.o
LOAD build/stm32f1xx_ll_usb.o
LOAD build/usbd_conf.o
LOAD build/usb_device.o
LOAD build/usbd_desc.o
LOAD build/stm32f1xx_hal_flash_ex.o
LOAD build/Trace.o
LOAD build/trace_impl.o
LOAD build/startup_stm32f103xb.o
LOAD /home/mpitiot/opt/gcc-arm-none-eabi-6-2017-q1-update/bin/../lib/gcc/arm-none-eabi/6.3.1/../../../../arm-none-eabi/lib/thumb/v7-m/libc_nano.a
LOAD /home/mpitiot/opt/gcc-arm-none-eabi-6-2017-q1-update/bin/../lib/gcc/arm-none-eabi/6.3.1/../../../../arm-none-eabi/lib/thumb/v7-m/libm.a
LOAD /home/mpitiot/opt/gcc-arm-none-eabi-6-2017-q1-update/bin/../lib/gcc/arm-none-eabi/6.3.1/../../../../arm-none-eabi/lib/thumb/v7-m/libnosys.a
START GROUP
LOAD /home/mpitiot/opt/gcc-arm-none-eabi-6-2017-q1-update/bin/../lib/gcc/arm-none-eabi/6.3.1/thumb/v7-m/libgcc.a
LOAD /home/mpitiot/opt/gcc-arm-none-eabi-6-2017-q1-update/bin/../lib/gcc/arm-none-eabi/6.3.1/../../../../arm-none-eabi/lib/thumb/v7-m/libc_nano.a
END GROUP
START GROUP
LOAD /home/mpitiot/opt/gcc-arm-none-eabi-6-2017-q1-update/bin/../lib/gcc/arm-none-eabi/6.3.1/thumb/v7-m/libgcc.a
LOAD /home/mpitiot/opt/gcc-arm-none-eabi-6-2017-q1-update/bin/../lib/gcc/arm-none-eabi/6.3.1/../../../../arm-none-eabi/lib/thumb/v7-m/libc_nano.a
END GROUP
LOAD /home/mpitiot/opt/gcc-arm-none-eabi-6-2017-q1-update/bin/../lib/gcc/arm-none-eabi/6.3.1/thumb/v7-m/crtend.o
LOAD /home/mpitiot/opt/gcc-arm-none-eabi-6-2017-q1-update/bin/../lib/gcc/arm-none-eabi/6.3.1/thumb/v7-m/crtn.o
                0x0000000020005000                _estack = 0x20005000
                0x0000000000000200                _Min_Heap_Size = 0x200
                0x0000000000000400                _Min_Stack_Size = 0x400

.isr_vector     0x0000000008000000      0x10c
                0x0000000008000000                . = ALIGN (0x4)
 *(.isr_vector)
 .isr_vector    0x0000000008000000      0x10c build/startup_stm32f103xb.o
                0x0000000008000000                g_pfnVectors
                0x000000000800010c                . = ALIGN (0x4)

.text           0x000000000800010c     0x36e0
                0x000000000800010c                . = ALIGN (0x4)
 *(.text)
 .text          0x000000000800010c       0x6c /home/mpitiot/opt/gcc-arm-none-eabi-6-2017-q1-update/bin/../lib/gcc/arm-none-eabi/6.3.1/thumb/v7-m/crtbegin.o
 *(.text*)
 .text.HAL_RCCEx_PeriphCLKConfig
                0x0000000008000178      0x114 build/stm32f1xx_hal_rcc_ex.o
                0x0000000008000178                HAL_RCCEx_PeriphCLKConfig
 .text.HAL_PCD_Init
                0x000000000800028c       0xd6 build/stm32f1xx_hal_pcd.o
                0x000000000800028c                HAL_PCD_Init
 .text.HAL_PCD_Start
                0x0000000008000362       0x2e build/stm32f1xx_hal_pcd.o
                0x0000000008000362                HAL_PCD_Start
 .text.HAL_PCD_SetAddress
                0x0000000008000390       0x28 build/stm32f1xx_hal_pcd.o
                0x0000000008000390                HAL_PCD_SetAddress
 .text.HAL_PCD_EP_Open
                0x00000000080003b8       0x52 build/stm32f1xx_hal_pcd.o
                0x00000000080003b8                HAL_PCD_EP_Open
 .text.HAL_PCD_EP_Close
                0x000000000800040a       0x4e build/stm32f1xx_hal_pcd.o
                0x000000000800040a                HAL_PCD_EP_Close
 .text.HAL_PCD_EP_Receive
                0x0000000008000458       0x3e build/stm32f1xx_hal_pcd.o
                0x0000000008000458                HAL_PCD_EP_Receive
 .text.HAL_PCD_EP_Transmit
                0x0000000008000496       0x3c build/stm32f1xx_hal_pcd.o
                0x0000000008000496                HAL_PCD_EP_Transmit
 .text.PCD_EP_ISR_Handler
                0x00000000080004d2      0x46e build/stm32f1xx_hal_pcd.o
 .text.HAL_PCD_IRQHandler
                0x0000000008000940      0x164 build/stm32f1xx_hal_pcd.o
                0x0000000008000940                HAL_PCD_IRQHandler
 .text.HAL_PCD_EP_SetStall
                0x0000000008000aa4       0x5c build/stm32f1xx_hal_pcd.o
                0x0000000008000aa4                HAL_PCD_EP_SetStall
 .text.HAL_PCD_EP_ClrStall
                0x0000000008000b00       0x4e build/stm32f1xx_hal_pcd.o
                0x0000000008000b00                HAL_PCD_EP_ClrStall
 .text.HAL_PCDEx_PMAConfig
                0x0000000008000b4e       0x30 build/stm32f1xx_hal_pcd_ex.o
                0x0000000008000b4e                HAL_PCDEx_PMAConfig
 *fill*         0x0000000008000b7e        0x2 
 .text.HAL_InitTick
                0x0000000008000b80       0x2c build/stm32f1xx_hal.o
                0x0000000008000b80                HAL_InitTick
 .text.HAL_Init
                0x0000000008000bac       0x24 build/stm32f1xx_hal.o
                0x0000000008000bac                HAL_Init
 .text.HAL_IncTick
                0x0000000008000bd0       0x10 build/stm32f1xx_hal.o
                0x0000000008000bd0                HAL_IncTick
 .text.HAL_GetTick
                0x0000000008000be0        0xc build/stm32f1xx_hal.o
                0x0000000008000be0                HAL_GetTick
 .text.HAL_Delay
                0x0000000008000bec       0x24 build/stm32f1xx_hal.o
                0x0000000008000bec                HAL_Delay
 .text.NMI_Handler
                0x0000000008000c10        0x8 build/stm32f1xx_it.o
                0x0000000008000c10                NMI_Handler
 .text.HardFault_Handler
                0x0000000008000c18        0x2 build/stm32f1xx_it.o
                0x0000000008000c18                HardFault_Handler
 .text.MemManage_Handler
                0x0000000008000c1a        0x2 build/stm32f1xx_it.o
                0x0000000008000c1a                MemManage_Handler
 .text.BusFault_Handler
                0x0000000008000c1c        0x2 build/stm32f1xx_it.o
                0x0000000008000c1c                BusFault_Handler
 .text.UsageFault_Handler
                0x0000000008000c1e        0x2 build/stm32f1xx_it.o
                0x0000000008000c1e                UsageFault_Handler
 .text.SVC_Handler
                0x0000000008000c20        0x2 build/stm32f1xx_it.o
                0x0000000008000c20                SVC_Handler
 .text.DebugMon_Handler
                0x0000000008000c22        0x2 build/stm32f1xx_it.o
                0x0000000008000c22                DebugMon_Handler
 .text.PendSV_Handler
                0x0000000008000c24        0x2 build/stm32f1xx_it.o
                0x0000000008000c24                PendSV_Handler
 .text.SysTick_Handler
                0x0000000008000c26        0xc build/stm32f1xx_it.o
                0x0000000008000c26                SysTick_Handler
 *fill*         0x0000000008000c32        0x2 
 .text.USB_LP_CAN1_RX0_IRQHandler
                0x0000000008000c34       0x10 build/stm32f1xx_it.o
                0x0000000008000c34                USB_LP_CAN1_RX0_IRQHandler
 .text.HAL_NVIC_SetPriorityGrouping
                0x0000000008000c44       0x24 build/stm32f1xx_hal_cortex.o
                0x0000000008000c44                HAL_NVIC_SetPriorityGrouping
 .text.HAL_NVIC_SetPriority
                0x0000000008000c68       0x64 build/stm32f1xx_hal_cortex.o
                0x0000000008000c68                HAL_NVIC_SetPriority
 .text.HAL_NVIC_EnableIRQ
                0x0000000008000ccc       0x18 build/stm32f1xx_hal_cortex.o
                0x0000000008000ccc                HAL_NVIC_EnableIRQ
 .text.HAL_SYSTICK_Config
                0x0000000008000ce4       0x2c build/stm32f1xx_hal_cortex.o
                0x0000000008000ce4                HAL_SYSTICK_Config
 .text.HAL_SYSTICK_CLKSourceConfig
                0x0000000008000d10       0x20 build/stm32f1xx_hal_cortex.o
                0x0000000008000d10                HAL_SYSTICK_CLKSourceConfig
 .text.HAL_SYSTICK_Callback
                0x0000000008000d30        0x2 build/stm32f1xx_hal_cortex.o
                0x0000000008000d30                HAL_SYSTICK_Callback
 .text.HAL_SYSTICK_IRQHandler
                0x0000000008000d32        0x8 build/stm32f1xx_hal_cortex.o
                0x0000000008000d32                HAL_SYSTICK_IRQHandler
 *fill*         0x0000000008000d3a        0x2 
 .text.RCC_Delay
                0x0000000008000d3c       0x2c build/stm32f1xx_hal_rcc.o
 .text.HAL_RCC_OscConfig
                0x0000000008000d68      0x3e0 build/stm32f1xx_hal_rcc.o
                0x0000000008000d68                HAL_RCC_OscConfig
 .text.HAL_RCC_EnableCSS
                0x0000000008001148        0xc build/stm32f1xx_hal_rcc.o
                0x0000000008001148                HAL_RCC_EnableCSS
 .text.HAL_RCC_GetSysClockFreq
                0x0000000008001154       0x6c build/stm32f1xx_hal_rcc.o
                0x0000000008001154                HAL_RCC_GetSysClockFreq
 .text.HAL_RCC_ClockConfig
                0x00000000080011c0      0x178 build/stm32f1xx_hal_rcc.o
                0x00000000080011c0                HAL_RCC_ClockConfig
 .text.HAL_RCC_GetHCLKFreq
                0x0000000008001338        0xc build/stm32f1xx_hal_rcc.o
                0x0000000008001338                HAL_RCC_GetHCLKFreq
 .text.HAL_RCC_CSSCallback
                0x0000000008001344        0x2 build/stm32f1xx_hal_rcc.o
                0x0000000008001344                HAL_RCC_CSSCallback
 *fill*         0x0000000008001346        0x2 
 .text.HAL_RCC_NMI_IRQHandler
                0x0000000008001348       0x24 build/stm32f1xx_hal_rcc.o
                0x0000000008001348                HAL_RCC_NMI_IRQHandler
 .text.MX_GPIO_Init
                0x000000000800136c       0xb0 build/main.o
 .text._Error_Handler
                0x000000000800141c        0x2 build/main.o
                0x000000000800141c                _Error_Handler
 *fill*         0x000000000800141e        0x2 
 .text.SystemClock_Config
                0x0000000008001420       0xa0 build/main.o
                0x0000000008001420                SystemClock_Config
 .text.main     0x00000000080014c0       0x74 build/main.o
                0x00000000080014c0                main
 .text.USBD_GetLen
                0x0000000008001534       0x14 build/usbd_ctlreq.o
 .text.USBD_SetFeature
                0x0000000008001548       0x20 build/usbd_ctlreq.o
 .text.USBD_ParseSetupRequest
                0x0000000008001568       0x28 build/usbd_ctlreq.o
                0x0000000008001568                USBD_ParseSetupRequest
 .text.USBD_CtlError
                0x0000000008001590       0x14 build/usbd_ctlreq.o
                0x0000000008001590                USBD_CtlError
 .text.USBD_GetDescriptor
                0x00000000080015a4      0x132 build/usbd_ctlreq.o
 .text.USBD_SetAddress
                0x00000000080016d6       0x4a build/usbd_ctlreq.o
 .text.USBD_SetConfig
                0x0000000008001720       0xa4 build/usbd_ctlreq.o
 .text.USBD_GetConfig
                0x00000000080017c4       0x3a build/usbd_ctlreq.o
 .text.USBD_GetStatus
                0x00000000080017fe       0x2c build/usbd_ctlreq.o
 .text.USBD_ClrFeature
                0x000000000800182a       0x32 build/usbd_ctlreq.o
 .text.USBD_StdDevReq
                0x000000000800185c       0x48 build/usbd_ctlreq.o
                0x000000000800185c                USBD_StdDevReq
 .text.USBD_StdItfReq
                0x00000000080018a4       0x38 build/usbd_ctlreq.o
                0x00000000080018a4                USBD_StdItfReq
 .text.USBD_StdEPReq
                0x00000000080018dc      0x118 build/usbd_ctlreq.o
                0x00000000080018dc                USBD_StdEPReq
 .text.USBD_GetString
                0x00000000080019f4       0x3a build/usbd_ctlreq.o
                0x00000000080019f4                USBD_GetString
 *fill*         0x0000000008001a2e        0x2 
 .text.SystemInit
                0x0000000008001a30       0x4c build/system_stm32f1xx.o
                0x0000000008001a30                SystemInit
 .text.USBD_CtlSendData
                0x0000000008001a7c       0x1a build/usbd_ioreq.o
                0x0000000008001a7c                USBD_CtlSendData
 .text.USBD_CtlContinueSendData
                0x0000000008001a96       0x10 build/usbd_ioreq.o
                0x0000000008001a96                USBD_CtlContinueSendData
 .text.USBD_CtlContinueRx
                0x0000000008001aa6       0x10 build/usbd_ioreq.o
                0x0000000008001aa6                USBD_CtlContinueRx
 .text.USBD_CtlSendStatus
                0x0000000008001ab6       0x16 build/usbd_ioreq.o
                0x0000000008001ab6                USBD_CtlSendStatus
 .text.USBD_CtlReceiveStatus
                0x0000000008001acc       0x16 build/usbd_ioreq.o
                0x0000000008001acc                USBD_CtlReceiveStatus
 *fill*         0x0000000008001ae2        0x2 
 .text.USBD_HID_GetCfgDesc
                0x0000000008001ae4        0xc build/usbd_hid.o
 .text.USBD_HID_DataIn
                0x0000000008001af0        0xa build/usbd_hid.o
 *fill*         0x0000000008001afa        0x2 
 .text.USBD_HID_GetDeviceQualifierDesc
                0x0000000008001afc        0xc build/usbd_hid.o
 .text.USBD_HID_Setup
                0x0000000008001b08       0xc0 build/usbd_hid.o
 .text.USBD_HID_DeInit
                0x0000000008001bc8       0x1e build/usbd_hid.o
 .text.USBD_HID_Init
                0x0000000008001be6       0x26 build/usbd_hid.o
 .text.USBD_HID_SendReport
                0x0000000008001c0c       0x28 build/usbd_hid.o
                0x0000000008001c0c                USBD_HID_SendReport
 .text.HAL_GPIO_Init
                0x0000000008001c34      0x1ec build/stm32f1xx_hal_gpio.o
                0x0000000008001c34                HAL_GPIO_Init
 .text.HAL_GPIO_WritePin
                0x0000000008001e20        0xc build/stm32f1xx_hal_gpio.o
                0x0000000008001e20                HAL_GPIO_WritePin
 .text.USBD_Init
                0x0000000008001e2c       0x2e build/usbd_core.o
                0x0000000008001e2c                USBD_Init
 .text.USBD_RegisterClass
                0x0000000008001e5a        0xe build/usbd_core.o
                0x0000000008001e5a                USBD_RegisterClass
 .text.USBD_Start
                0x0000000008001e68        0xa build/usbd_core.o
                0x0000000008001e68                USBD_Start
 .text.USBD_SetClassConfig
                0x0000000008001e72       0x1a build/usbd_core.o
                0x0000000008001e72                USBD_SetClassConfig
 .text.USBD_ClrClassConfig
                0x0000000008001e8c        0xe build/usbd_core.o
                0x0000000008001e8c                USBD_ClrClassConfig
 .text.USBD_LL_SetupStage
                0x0000000008001e9a       0x5a build/usbd_core.o
                0x0000000008001e9a                USBD_LL_SetupStage
 .text.USBD_LL_DataOutStage
                0x0000000008001ef4       0x6a build/usbd_core.o
                0x0000000008001ef4                USBD_LL_DataOutStage
 .text.USBD_LL_DataInStage
                0x0000000008001f5e       0xb2 build/usbd_core.o
                0x0000000008001f5e                USBD_LL_DataInStage
 .text.USBD_LL_Reset
                0x0000000008002010       0x3e build/usbd_core.o
                0x0000000008002010                USBD_LL_Reset
 .text.USBD_LL_SetSpeed
                0x000000000800204e        0x6 build/usbd_core.o
                0x000000000800204e                USBD_LL_SetSpeed
 .text.USBD_LL_Suspend
                0x0000000008002054       0x12 build/usbd_core.o
                0x0000000008002054                USBD_LL_Suspend
 .text.USBD_LL_Resume
                0x0000000008002066        0xc build/usbd_core.o
                0x0000000008002066                USBD_LL_Resume
 .text.USBD_LL_SOF
                0x0000000008002072       0x1c build/usbd_core.o
                0x0000000008002072                USBD_LL_SOF
 *fill*         0x000000000800208e        0x2 
 .text.HAL_MspInit
                0x0000000008002090       0x94 build/stm32f1xx_hal_msp.o
                0x0000000008002090                HAL_MspInit
 .text.USB_CoreInit
                0x0000000008002124        0xe build/stm32f1xx_ll_usb.o
                0x0000000008002124                USB_CoreInit
 .text.USB_EnableGlobalInt
                0x0000000008002132       0x12 build/stm32f1xx_ll_usb.o
                0x0000000008002132                USB_EnableGlobalInt
 .text.USB_DisableGlobalInt
                0x0000000008002144       0x14 build/stm32f1xx_ll_usb.o
                0x0000000008002144                USB_DisableGlobalInt
 .text.USB_SetCurrentMode
                0x0000000008002158        0x4 build/stm32f1xx_ll_usb.o
                0x0000000008002158                USB_SetCurrentMode
 .text.USB_DevInit
                0x000000000800215c       0x2c build/stm32f1xx_ll_usb.o
                0x000000000800215c                USB_DevInit
 .text.USB_ActivateEndpoint
                0x0000000008002188      0x332 build/stm32f1xx_ll_usb.o
                0x0000000008002188                USB_ActivateEndpoint
 .text.USB_DeactivateEndpoint
                0x00000000080024ba      0x1c4 build/stm32f1xx_ll_usb.o
                0x00000000080024ba                USB_DeactivateEndpoint
 .text.USB_EPSetStall
                0x000000000800267e       0x6e build/stm32f1xx_ll_usb.o
                0x000000000800267e                USB_EPSetStall
 .text.USB_EPClearStall
                0x00000000080026ec       0x92 build/stm32f1xx_ll_usb.o
                0x00000000080026ec                USB_EPClearStall
 .text.USB_SetDevAddress
                0x000000000800277e        0xc build/stm32f1xx_ll_usb.o
                0x000000000800277e                USB_SetDevAddress
 .text.USB_DevConnect
                0x000000000800278a        0x4 build/stm32f1xx_ll_usb.o
                0x000000000800278a                USB_DevConnect
 .text.USB_DevDisconnect
                0x000000000800278e        0x4 build/stm32f1xx_ll_usb.o
                0x000000000800278e                USB_DevDisconnect
 .text.USB_ReadInterrupts
                0x0000000008002792        0x8 build/stm32f1xx_ll_usb.o
                0x0000000008002792                USB_ReadInterrupts
 .text.USB_EP0_OutStart
                0x000000000800279a        0x4 build/stm32f1xx_ll_usb.o
                0x000000000800279a                USB_EP0_OutStart
 .text.USB_WritePMA
                0x000000000800279e       0x2a build/stm32f1xx_ll_usb.o
                0x000000000800279e                USB_WritePMA
 .text.USB_EPStartXfer
                0x00000000080027c8      0x2cc build/stm32f1xx_ll_usb.o
                0x00000000080027c8                USB_EPStartXfer
 .text.USB_ReadPMA
                0x0000000008002a94       0x1e build/stm32f1xx_ll_usb.o
                0x0000000008002a94                USB_ReadPMA
 *fill*         0x0000000008002ab2        0x2 
 .text.HAL_PCD_MspInit
                0x0000000008002ab4       0x40 build/usbd_conf.o
                0x0000000008002ab4                HAL_PCD_MspInit
 .text.HAL_PCD_SetupStageCallback
                0x0000000008002af4       0x10 build/usbd_conf.o
                0x0000000008002af4                HAL_PCD_SetupStageCallback
 .text.HAL_PCD_DataOutStageCallback
                0x0000000008002b04       0x14 build/usbd_conf.o
                0x0000000008002b04                HAL_PCD_DataOutStageCallback
 .text.HAL_PCD_DataInStageCallback
                0x0000000008002b18       0x12 build/usbd_conf.o
                0x0000000008002b18                HAL_PCD_DataInStageCallback
 .text.HAL_PCD_SOFCallback
                0x0000000008002b2a        0xc build/usbd_conf.o
                0x0000000008002b2a                HAL_PCD_SOFCallback
 .text.HAL_PCD_ResetCallback
                0x0000000008002b36       0x18 build/usbd_conf.o
                0x0000000008002b36                HAL_PCD_ResetCallback
 *fill*         0x0000000008002b4e        0x2 
 .text.HAL_PCD_SuspendCallback
                0x0000000008002b50       0x20 build/usbd_conf.o
                0x0000000008002b50                HAL_PCD_SuspendCallback
 .text.HAL_PCD_ResumeCallback
                0x0000000008002b70        0xc build/usbd_conf.o
                0x0000000008002b70                HAL_PCD_ResumeCallback
 .text.USBD_LL_Init
                0x0000000008002b7c       0x74 build/usbd_conf.o
                0x0000000008002b7c                USBD_LL_Init
 .text.USBD_LL_Start
                0x0000000008002bf0       0x1c build/usbd_conf.o
                0x0000000008002bf0                USBD_LL_Start
 .text.USBD_LL_OpenEP
                0x0000000008002c0c       0x22 build/usbd_conf.o
                0x0000000008002c0c                USBD_LL_OpenEP
 .text.USBD_LL_CloseEP
                0x0000000008002c2e       0x1c build/usbd_conf.o
                0x0000000008002c2e                USBD_LL_CloseEP
 .text.USBD_LL_StallEP
                0x0000000008002c4a       0x1c build/usbd_conf.o
                0x0000000008002c4a                USBD_LL_StallEP
 .text.USBD_LL_ClearStallEP
                0x0000000008002c66       0x1c build/usbd_conf.o
                0x0000000008002c66                USBD_LL_ClearStallEP
 .text.USBD_LL_IsStallEP
                0x0000000008002c82       0x26 build/usbd_conf.o
                0x0000000008002c82                USBD_LL_IsStallEP
 .text.USBD_LL_SetUSBAddress
                0x0000000008002ca8       0x1c build/usbd_conf.o
                0x0000000008002ca8                USBD_LL_SetUSBAddress
 .text.USBD_LL_Transmit
                0x0000000008002cc4       0x1c build/usbd_conf.o
                0x0000000008002cc4                USBD_LL_Transmit
 .text.USBD_LL_PrepareReceive
                0x0000000008002ce0       0x1c build/usbd_conf.o
                0x0000000008002ce0                USBD_LL_PrepareReceive
 .text.USBD_static_malloc
                0x0000000008002cfc        0x8 build/usbd_conf.o
                0x0000000008002cfc                USBD_static_malloc
 .text.USBD_static_free
                0x0000000008002d04        0x2 build/usbd_conf.o
                0x0000000008002d04                USBD_static_free
 .text.HAL_PCDEx_SetConnectionState
                0x0000000008002d06        0x2 build/usbd_conf.o
                0x0000000008002d06                HAL_PCDEx_SetConnectionState
 .text.MX_USB_DEVICE_Init
                0x0000000008002d08       0x2c build/usb_device.o
                0x0000000008002d08                MX_USB_DEVICE_Init
 .text.USBD_FS_DeviceDescriptor
                0x0000000008002d34        0xc build/usbd_desc.o
                0x0000000008002d34                USBD_FS_DeviceDescriptor
 .text.USBD_FS_LangIDStrDescriptor
                0x0000000008002d40        0xc build/usbd_desc.o
                0x0000000008002d40                USBD_FS_LangIDStrDescriptor
 .text.USBD_FS_ProductStrDescriptor
                0x0000000008002d4c       0x24 build/usbd_desc.o
                0x0000000008002d4c                USBD_FS_ProductStrDescriptor
 .text.USBD_FS_ManufacturerStrDescriptor
                0x0000000008002d70       0x1c build/usbd_desc.o
                0x0000000008002d70                USBD_FS_ManufacturerStrDescriptor
 .text.USBD_FS_SerialStrDescriptor
                0x0000000008002d8c       0x24 build/usbd_desc.o
                0x0000000008002d8c                USBD_FS_SerialStrDescriptor
 .text.USBD_FS_ConfigStrDescriptor
                0x0000000008002db0       0x24 build/usbd_desc.o
                0x0000000008002db0                USBD_FS_ConfigStrDescriptor
 .text.USBD_FS_InterfaceStrDescriptor
                0x0000000008002dd4       0x24 build/usbd_desc.o
                0x0000000008002dd4                USBD_FS_InterfaceStrDescriptor
 .text.trace_printf
                0x0000000008002df8       0x30 build/Trace.o
                0x0000000008002df8                trace_printf
 .text._trace_write_itm
                0x0000000008002e28       0x6e build/trace_impl.o
 .text.trace_write
                0x0000000008002e96        0x8 build/trace_impl.o
                0x0000000008002e96                trace_write
 *fill*         0x0000000008002e9e        0x2 
 .text.Reset_Handler
                0x0000000008002ea0       0x48 build/startup_stm32f103xb.o
                0x0000000008002ea0                Reset_Handler
 .text.Default_Handler
                0x0000000008002ee8        0x2 build/startup_stm32f103xb.o
                0x0000000008002ee8                RTC_Alarm_IRQHandler
                0x0000000008002ee8                EXTI2_IRQHandler
                0x0000000008002ee8                TIM1_CC_IRQHandler
                0x0000000008002ee8                PVD_IRQHandler
                0x0000000008002ee8                EXTI3_IRQHandler
                0x0000000008002ee8                EXTI0_IRQHandler
                0x0000000008002ee8                I2C2_EV_IRQHandler
                0x0000000008002ee8                ADC1_2_IRQHandler
                0x0000000008002ee8                SPI1_IRQHandler
                0x0000000008002ee8                TAMPER_IRQHandler
                0x0000000008002ee8                DMA1_Channel4_IRQHandler
                0x0000000008002ee8                USART3_IRQHandler
                0x0000000008002ee8                RTC_IRQHandler
                0x0000000008002ee8                DMA1_Channel7_IRQHandler
                0x0000000008002ee8                CAN1_RX1_IRQHandler
                0x0000000008002ee8                TIM4_IRQHandler
                0x0000000008002ee8                I2C1_EV_IRQHandler
                0x0000000008002ee8                DMA1_Channel6_IRQHandler
                0x0000000008002ee8                TIM3_IRQHandler
                0x0000000008002ee8                RCC_IRQHandler
                0x0000000008002ee8                TIM1_TRG_COM_IRQHandler
                0x0000000008002ee8                DMA1_Channel1_IRQHandler
                0x0000000008002ee8                Default_Handler
                0x0000000008002ee8                EXTI15_10_IRQHandler
                0x0000000008002ee8                EXTI9_5_IRQHandler
                0x0000000008002ee8                SPI2_IRQHandler
                0x0000000008002ee8                DMA1_Channel5_IRQHandler
                0x0000000008002ee8                EXTI4_IRQHandler
                0x0000000008002ee8                USB_HP_CAN1_TX_IRQHandler
                0x0000000008002ee8                DMA1_Channel3_IRQHandler
                0x0000000008002ee8                TIM1_UP_IRQHandler
                0x0000000008002ee8                WWDG_IRQHandler
                0x0000000008002ee8                TIM2_IRQHandler
                0x0000000008002ee8                TIM1_BRK_IRQHandler
                0x0000000008002ee8                EXTI1_IRQHandler
                0x0000000008002ee8                USART2_IRQHandler
                0x0000000008002ee8                I2C2_ER_IRQHandler
                0x0000000008002ee8                DMA1_Channel2_IRQHandler
                0x0000000008002ee8                CAN1_SCE_IRQHandler
                0x0000000008002ee8                FLASH_IRQHandler
                0x0000000008002ee8                USART1_IRQHandler
                0x0000000008002ee8                I2C1_ER_IRQHandler
                0x0000000008002ee8                USBWakeUp_IRQHandler
 *fill*         0x0000000008002eea        0x2 
 .text.__libc_init_array
                0x0000000008002eec       0x48 /home/mpitiot/opt/gcc-arm-none-eabi-6-2017-q1-update/bin/../lib/gcc/arm-none-eabi/6.3.1/../../../../arm-none-eabi/lib/thumb/v7-m/libc_nano.a(lib_a-init.o)
                0x0000000008002eec                __libc_init_array
 .text._vsnprintf_r
                0x0000000008002f34       0x58 /home/mpitiot/opt/gcc-arm-none-eabi-6-2017-q1-update/bin/../lib/gcc/arm-none-eabi/6.3.1/../../../../arm-none-eabi/lib/thumb/v7-m/libc_nano.a(lib_a-vsnprintf.o)
                0x0000000008002f34                _vsnprintf_r
                0x0000000008002f34                _vsniprintf_r
 .text.vsnprintf
                0x0000000008002f8c       0x1c /home/mpitiot/opt/gcc-arm-none-eabi-6-2017-q1-update/bin/../lib/gcc/arm-none-eabi/6.3.1/../../../../arm-none-eabi/lib/thumb/v7-m/libc_nano.a(lib_a-vsnprintf.o)
                0x0000000008002f8c                vsnprintf
                0x0000000008002f8c                vsniprintf
 .text.__ssputs_r
                0x0000000008002fa8       0xb6 /home/mpitiot/opt/gcc-arm-none-eabi-6-2017-q1-update/bin/../lib/gcc/arm-none-eabi/6.3.1/../../../../arm-none-eabi/lib/thumb/v7-m/libc_nano.a(lib_a-nano-svfprintf.o)
                0x0000000008002fa8                __ssputs_r
 *fill*         0x000000000800305e        0x2 
 .text._svfprintf_r
                0x0000000008003060      0x1e8 /home/mpitiot/opt/gcc-arm-none-eabi-6-2017-q1-update/bin/../lib/gcc/arm-none-eabi/6.3.1/../../../../arm-none-eabi/lib/thumb/v7-m/libc_nano.a(lib_a-nano-svfprintf.o)
                0x0000000008003060                _svfprintf_r
                0x0000000008003060                _svfiprintf_r
 .text._printf_common
                0x0000000008003248       0xee /home/mpitiot/opt/gcc-arm-none-eabi-6-2017-q1-update/bin/../lib/gcc/arm-none-eabi/6.3.1/../../../../arm-none-eabi/lib/thumb/v7-m/libc_nano.a(lib_a-nano-vfprintf_i.o)
                0x0000000008003248                _printf_common
 *fill*         0x0000000008003336        0x2 
 .text._printf_i
                0x0000000008003338      0x240 /home/mpitiot/opt/gcc-arm-none-eabi-6-2017-q1-update/bin/../lib/gcc/arm-none-eabi/6.3.1/../../../../arm-none-eabi/lib/thumb/v7-m/libc_nano.a(lib_a-nano-vfprintf_i.o)
                0x0000000008003338                _printf_i
 .text.memchr   0x0000000008003578       0x1c /home/mpitiot/opt/gcc-arm-none-eabi-6-2017-q1-update/bin/../lib/gcc/arm-none-eabi/6.3.1/../../../../arm-none-eabi/lib/thumb/v7-m/libc_nano.a(lib_a-memchr-stub.o)
                0x0000000008003578                memchr
 .text.memcpy   0x0000000008003594       0x16 /home/mpitiot/opt/gcc-arm-none-eabi-6-2017-q1-update/bin/../lib/gcc/arm-none-eabi/6.3.1/../../../../arm-none-eabi/lib/thumb/v7-m/libc_nano.a(lib_a-memcpy-stub.o)
                0x0000000008003594                memcpy
 .text.memmove  0x00000000080035aa       0x34 /home/mpitiot/opt/gcc-arm-none-eabi-6-2017-q1-update/bin/../lib/gcc/arm-none-eabi/6.3.1/../../../../arm-none-eabi/lib/thumb/v7-m/libc_nano.a(lib_a-memmove.o)
                0x00000000080035aa                memmove
 *fill*         0x00000000080035de        0x2 
 .text._free_r  0x00000000080035e0       0x98 /home/mpitiot/opt/gcc-arm-none-eabi-6-2017-q1-update/bin/../lib/gcc/arm-none-eabi/6.3.1/../../../../arm-none-eabi/lib/thumb/v7-m/libc_nano.a(lib_a-nano-freer.o)
                0x00000000080035e0                _free_r
 .text._malloc_r
                0x0000000008003678       0xbc /home/mpitiot/opt/gcc-arm-none-eabi-6-2017-q1-update/bin/../lib/gcc/arm-none-eabi/6.3.1/../../../../arm-none-eabi/lib/thumb/v7-m/libc_nano.a(lib_a-nano-mallocr.o)
                0x0000000008003678                _malloc_r
 .text._realloc_r
                0x0000000008003734       0x4c /home/mpitiot/opt/gcc-arm-none-eabi-6-2017-q1-update/bin/../lib/gcc/arm-none-eabi/6.3.1/../../../../arm-none-eabi/lib/thumb/v7-m/libc_nano.a(lib_a-nano-reallocr.o)
                0x0000000008003734                _realloc_r
 .text._sbrk_r  0x0000000008003780       0x20 /home/mpitiot/opt/gcc-arm-none-eabi-6-2017-q1-update/bin/../lib/gcc/arm-none-eabi/6.3.1/../../../../arm-none-eabi/lib/thumb/v7-m/libc_nano.a(lib_a-sbrkr.o)
                0x0000000008003780                _sbrk_r
 .text.__malloc_lock
                0x00000000080037a0        0x2 /home/mpitiot/opt/gcc-arm-none-eabi-6-2017-q1-update/bin/../lib/gcc/arm-none-eabi/6.3.1/../../../../arm-none-eabi/lib/thumb/v7-m/libc_nano.a(lib_a-mlock.o)
                0x00000000080037a0                __malloc_lock
 .text.__malloc_unlock
                0x00000000080037a2        0x2 /home/mpitiot/opt/gcc-arm-none-eabi-6-2017-q1-update/bin/../lib/gcc/arm-none-eabi/6.3.1/../../../../arm-none-eabi/lib/thumb/v7-m/libc_nano.a(lib_a-mlock.o)
                0x00000000080037a2                __malloc_unlock
 .text._malloc_usable_size_r
                0x00000000080037a4       0x12 /home/mpitiot/opt/gcc-arm-none-eabi-6-2017-q1-update/bin/../lib/gcc/arm-none-eabi/6.3.1/../../../../arm-none-eabi/lib/thumb/v7-m/libc_nano.a(lib_a-nano-msizer.o)
                0x00000000080037a4                _malloc_usable_size_r
 *fill*         0x00000000080037b6        0x2 
 .text._sbrk    0x00000000080037b8       0x1c /home/mpitiot/opt/gcc-arm-none-eabi-6-2017-q1-update/bin/../lib/gcc/arm-none-eabi/6.3.1/../../../../arm-none-eabi/lib/thumb/v7-m/libnosys.a(sbrk.o)
                0x00000000080037b8                _sbrk
 *(.glue_7)
 .glue_7        0x00000000080037d4        0x0 linker stubs
 *(.glue_7t)
 .glue_7t       0x00000000080037d4        0x0 linker stubs
 *(.eh_frame)
 .eh_frame      0x00000000080037d4        0x0 /home/mpitiot/opt/gcc-arm-none-eabi-6-2017-q1-update/bin/../lib/gcc/arm-none-eabi/6.3.1/thumb/v7-m/crtbegin.o
 *(.init)
 .init          0x00000000080037d4        0x4 /home/mpitiot/opt/gcc-arm-none-eabi-6-2017-q1-update/bin/../lib/gcc/arm-none-eabi/6.3.1/thumb/v7-m/crti.o
                0x00000000080037d4                _init
 .init          0x00000000080037d8        0x8 /home/mpitiot/opt/gcc-arm-none-eabi-6-2017-q1-update/bin/../lib/gcc/arm-none-eabi/6.3.1/thumb/v7-m/crtn.o
 *(.fini)
 .fini          0x00000000080037e0        0x4 /home/mpitiot/opt/gcc-arm-none-eabi-6-2017-q1-update/bin/../lib/gcc/arm-none-eabi/6.3.1/thumb/v7-m/crti.o
                0x00000000080037e0                _fini
 .fini          0x00000000080037e4        0x8 /home/mpitiot/opt/gcc-arm-none-eabi-6-2017-q1-update/bin/../lib/gcc/arm-none-eabi/6.3.1/thumb/v7-m/crtn.o
                0x00000000080037ec                . = ALIGN (0x4)
                0x00000000080037ec                _etext = .

.vfp11_veneer   0x00000000080037ec        0x0
 .vfp11_veneer  0x00000000080037ec        0x0 linker stubs

.v4_bx          0x00000000080037ec        0x0
 .v4_bx         0x00000000080037ec        0x0 linker stubs

.iplt           0x00000000080037ec        0x0
 .iplt          0x00000000080037ec        0x0 /home/mpitiot/opt/gcc-arm-none-eabi-6-2017-q1-update/bin/../lib/gcc/arm-none-eabi/6.3.1/thumb/v7-m/crtbegin.o

.rodata         0x00000000080037ec       0xf8
                0x00000000080037ec                . = ALIGN (0x4)
 *(.rodata)
 .rodata        0x00000000080037ec       0x12 build/stm32f1xx_hal_rcc.o
 *(.rodata*)
 *fill*         0x00000000080037fe        0x2 
 .rodata.SystemClock_Config.str1.4
                0x0000000008003800        0xb build/main.o
 *fill*         0x000000000800380b        0x1 
 .rodata.main.str1.4
                0x000000000800380c       0x29 build/main.o
 *fill*         0x0000000008003835        0x3 
 .rodata.AHBPrescTable
                0x0000000008003838       0x10 build/system_stm32f1xx.o
                0x0000000008003838                AHBPrescTable
 .rodata.USBD_LL_Init.str1.4
                0x0000000008003848       0x10 build/usbd_conf.o
 .rodata.USBD_FS_ConfigStrDescriptor.str1.4
                0x0000000008003858        0xb build/usbd_desc.o
 *fill*         0x0000000008003863        0x1 
 .rodata.USBD_FS_InterfaceStrDescriptor.str1.4
                0x0000000008003864        0xe build/usbd_desc.o
 *fill*         0x0000000008003872        0x2 
 .rodata.USBD_FS_ManufacturerStrDescriptor.str1.4
                0x0000000008003874       0x13 build/usbd_desc.o
 *fill*         0x0000000008003887        0x1 
 .rodata.USBD_FS_ProductStrDescriptor.str1.4
                0x0000000008003888       0x16 build/usbd_desc.o
 *fill*         0x000000000800389e        0x2 
 .rodata.USBD_FS_SerialStrDescriptor.str1.4
                0x00000000080038a0       0x10 build/usbd_desc.o
                                          0xd (size before relaxing)
 .rodata._svfprintf_r.str1.1
                0x00000000080038b0       0x11 /home/mpitiot/opt/gcc-arm-none-eabi-6-2017-q1-update/bin/../lib/gcc/arm-none-eabi/6.3.1/../../../../arm-none-eabi/lib/thumb/v7-m/libc_nano.a(lib_a-nano-svfprintf.o)
 .rodata._printf_i.str1.1
                0x00000000080038c1       0x22 /home/mpitiot/opt/gcc-arm-none-eabi-6-2017-q1-update/bin/../lib/gcc/arm-none-eabi/6.3.1/../../../../arm-none-eabi/lib/thumb/v7-m/libc_nano.a(lib_a-nano-vfprintf_i.o)
                0x00000000080038e4                . = ALIGN (0x4)
 *fill*         0x00000000080038e3        0x1 

.rel.dyn        0x00000000080038e4        0x0
 .rel.iplt      0x00000000080038e4        0x0 /home/mpitiot/opt/gcc-arm-none-eabi-6-2017-q1-update/bin/../lib/gcc/arm-none-eabi/6.3.1/thumb/v7-m/crtbegin.o

.ARM.extab
 *(.ARM.extab* .gnu.linkonce.armextab.*)

.ARM            0x00000000080038e4        0x0
                0x00000000080038e4                __exidx_start = .
 *(.ARM.exidx*)
                0x00000000080038e4                __exidx_end = .

.preinit_array  0x00000000080038e4        0x0
                0x00000000080038e4                PROVIDE (__preinit_array_start, .)
 *(.preinit_array*)
                0x00000000080038e4                PROVIDE (__preinit_array_end, .)

.init_array     0x00000000080038e4        0x4
                0x00000000080038e4                PROVIDE (__init_array_start, .)
 *(SORT(.init_array.*))
 *(.init_array*)
 .init_array    0x00000000080038e4        0x4 /home/mpitiot/opt/gcc-arm-none-eabi-6-2017-q1-update/bin/../lib/gcc/arm-none-eabi/6.3.1/thumb/v7-m/crtbegin.o
                0x00000000080038e8                PROVIDE (__init_array_end, .)

.fini_array     0x00000000080038e8        0x4
                [!provide]                        PROVIDE (__fini_array_start, .)
 *(SORT(.fini_array.*))
 *(.fini_array*)
 .fini_array    0x00000000080038e8        0x4 /home/mpitiot/opt/gcc-arm-none-eabi-6-2017-q1-update/bin/../lib/gcc/arm-none-eabi/6.3.1/thumb/v7-m/crtbegin.o
                [!provide]                        PROVIDE (__fini_array_end, .)
                0x00000000080038ec                _sidata = LOADADDR (.data)

.data           0x0000000020000000      0x138 load address 0x00000000080038ec
                0x0000000020000000                . = ALIGN (0x4)
                0x0000000020000000                _sdata = .
 *(.data)
 *(.data*)
 .data.SystemCoreClock
                0x0000000020000000        0x4 build/system_stm32f1xx.o
                0x0000000020000000                SystemCoreClock
 .data.HID_CUSTOM_ReportDesc
                0x0000000020000004       0x25 build/usbd_hid.o
 *fill*         0x0000000020000029        0x3 
 .data.USBD_HID
                0x000000002000002c       0x38 build/usbd_hid.o
                0x000000002000002c                USBD_HID
 .data.USBD_HID_CfgDesc
                0x0000000020000064       0x22 build/usbd_hid.o
 *fill*         0x0000000020000086        0x2 
 .data.USBD_HID_Desc
                0x0000000020000088        0x9 build/usbd_hid.o
 *fill*         0x0000000020000091        0x3 
 .data.USBD_HID_DeviceQualifierDesc
                0x0000000020000094        0xa build/usbd_hid.o
 *fill*         0x000000002000009e        0x2 
 .data.FS_Desc  0x00000000200000a0       0x1c build/usbd_desc.o
                0x00000000200000a0                FS_Desc
 .data.USBD_FS_DeviceDesc
                0x00000000200000bc       0x12 build/usbd_desc.o
                0x00000000200000bc                USBD_FS_DeviceDesc
 *fill*         0x00000000200000ce        0x2 
 .data.USBD_LangIDDesc
                0x00000000200000d0        0x4 build/usbd_desc.o
                0x00000000200000d0                USBD_LangIDDesc
 .data._impure_ptr
                0x00000000200000d4        0x4 /home/mpitiot/opt/gcc-arm-none-eabi-6-2017-q1-update/bin/../lib/gcc/arm-none-eabi/6.3.1/../../../../arm-none-eabi/lib/thumb/v7-m/libc_nano.a(lib_a-impure.o)
                0x00000000200000d4                _impure_ptr
 .data.impure_data
                0x00000000200000d8       0x60 /home/mpitiot/opt/gcc-arm-none-eabi-6-2017-q1-update/bin/../lib/gcc/arm-none-eabi/6.3.1/../../../../arm-none-eabi/lib/thumb/v7-m/libc_nano.a(lib_a-impure.o)
                0x0000000020000138                . = ALIGN (0x4)
                0x0000000020000138                _edata = .

.jcr            0x0000000020000138        0x0 load address 0x0000000008003a24
 .jcr           0x0000000020000138        0x0 /home/mpitiot/opt/gcc-arm-none-eabi-6-2017-q1-update/bin/../lib/gcc/arm-none-eabi/6.3.1/thumb/v7-m/crtbegin.o

.igot.plt       0x0000000020000138        0x0 load address 0x0000000008003a24
 .igot.plt      0x0000000020000138        0x0 /home/mpitiot/opt/gcc-arm-none-eabi-6-2017-q1-update/bin/../lib/gcc/arm-none-eabi/6.3.1/thumb/v7-m/crtbegin.o
                0x0000000020000138                . = ALIGN (0x4)

.bss            0x0000000020000138      0x94c load address 0x0000000008003a24
                0x0000000020000138                _sbss = .
                0x0000000020000138                __bss_start__ = _sbss
 *(.bss)
 .bss           0x0000000020000138       0x1c /home/mpitiot/opt/gcc-arm-none-eabi-6-2017-q1-update/bin/../lib/gcc/arm-none-eabi/6.3.1/thumb/v7-m/crtbegin.o
 *(.bss*)
 .bss.cfgidx.7497
                0x0000000020000154        0x1 build/usbd_ctlreq.o
 *fill*         0x0000000020000155        0x3 
 .bss.mem.7623  0x0000000020000158       0x14 build/usbd_conf.o
 .bss.buf.5632  0x000000002000016c       0x80 build/Trace.o
 .bss.__malloc_free_list
                0x00000000200001ec        0x4 /home/mpitiot/opt/gcc-arm-none-eabi-6-2017-q1-update/bin/../lib/gcc/arm-none-eabi/6.3.1/../../../../arm-none-eabi/lib/thumb/v7-m/libc_nano.a(lib_a-nano-mallocr.o)
                0x00000000200001ec                __malloc_free_list
 .bss.__malloc_sbrk_start
                0x00000000200001f0        0x4 /home/mpitiot/opt/gcc-arm-none-eabi-6-2017-q1-update/bin/../lib/gcc/arm-none-eabi/6.3.1/../../../../arm-none-eabi/lib/thumb/v7-m/libc_nano.a(lib_a-nano-mallocr.o)
                0x00000000200001f0                __malloc_sbrk_start
 .bss.heap_end.4116
                0x00000000200001f4        0x4 /home/mpitiot/opt/gcc-arm-none-eabi-6-2017-q1-update/bin/../lib/gcc/arm-none-eabi/6.3.1/../../../../arm-none-eabi/lib/thumb/v7-m/libnosys.a(sbrk.o)
 *(COMMON)
 COMMON         0x00000000200001f8        0x4 build/stm32f1xx_hal.o
                0x00000000200001f8                uwTick
 COMMON         0x00000000200001fc      0x460 build/usbd_conf.o
                0x00000000200001fc                hpcd_USB_FS
 COMMON         0x000000002000065c      0x224 build/usb_device.o
                0x000000002000065c                hUsbDeviceFS
 COMMON         0x0000000020000880      0x200 build/usbd_desc.o
                0x0000000020000880                USBD_StrDesc
 COMMON         0x0000000020000a80        0x4 /home/mpitiot/opt/gcc-arm-none-eabi-6-2017-q1-update/bin/../lib/gcc/arm-none-eabi/6.3.1/../../../../arm-none-eabi/lib/thumb/v7-m/libc_nano.a(lib_a-reent.o)
                0x0000000020000a80                errno
                0x0000000020000a84                . = ALIGN (0x4)
                0x0000000020000a84                _ebss = .
                0x0000000020000a84                __bss_end__ = _ebss

._user_heap_stack
                0x0000000020000a84      0x604 load address 0x0000000008003a24
                0x0000000020000a88                . = ALIGN (0x8)
 *fill*         0x0000000020000a84        0x4 
                0x0000000020000a88                PROVIDE (end, .)
                [!provide]                        PROVIDE (_end, .)
                0x0000000020000c88                . = (. + _Min_Heap_Size)
 *fill*         0x0000000020000a88      0x200 
                0x0000000020001088                . = (. + _Min_Stack_Size)
 *fill*         0x0000000020000c88      0x400 
                0x0000000020001088                . = ALIGN (0x8)

/DISCARD/
 libc.a(*)
 libm.a(*)
 libgcc.a(*)

.ARM.attributes
                0x0000000000000000       0x29
 *(.ARM.attributes)
 .ARM.attributes
                0x0000000000000000       0x1d /home/mpitiot/opt/gcc-arm-none-eabi-6-2017-q1-update/bin/../lib/gcc/arm-none-eabi/6.3.1/thumb/v7-m/crti.o
 .ARM.attributes
                0x000000000000001d       0x2d /home/mpitiot/opt/gcc-arm-none-eabi-6-2017-q1-update/bin/../lib/gcc/arm-none-eabi/6.3.1/thumb/v7-m/crtbegin.o
 .ARM.attributes
                0x000000000000004a       0x33 build/stm32f1xx_hal_rcc_ex.o
 .ARM.attributes
                0x000000000000007d       0x33 build/stm32f1xx_hal_pcd.o
 .ARM.attributes
                0x00000000000000b0       0x33 build/stm32f1xx_hal_pcd_ex.o
 .ARM.attributes
                0x00000000000000e3       0x33 build/stm32f1xx_hal.o
 .ARM.attributes
                0x0000000000000116       0x33 build/stm32f1xx_it.o
 .ARM.attributes
                0x0000000000000149       0x33 build/stm32f1xx_hal_cortex.o
 .ARM.attributes
                0x000000000000017c       0x33 build/stm32f1xx_hal_rcc.o
 .ARM.attributes
                0x00000000000001af       0x33 build/main.o
 .ARM.attributes
                0x00000000000001e2       0x33 build/usbd_ctlreq.o
 .ARM.attributes
                0x0000000000000215       0x33 build/system_stm32f1xx.o
 .ARM.attributes
                0x0000000000000248       0x33 build/usbd_ioreq.o
 .ARM.attributes
                0x000000000000027b       0x33 build/usbd_hid.o
 .ARM.attributes
                0x00000000000002ae       0x33 build/stm32f1xx_hal_gpio.o
 .ARM.attributes
                0x00000000000002e1       0x33 build/usbd_core.o
 .ARM.attributes
                0x0000000000000314       0x33 build/stm32f1xx_hal_msp.o
 .ARM.attributes
                0x0000000000000347       0x33 build/stm32f1xx_ll_usb.o
 .ARM.attributes
                0x000000000000037a       0x33 build/usbd_conf.o
 .ARM.attributes
                0x00000000000003ad       0x33 build/usb_device.o
 .ARM.attributes
                0x00000000000003e0       0x33 build/usbd_desc.o
 .ARM.attributes
                0x0000000000000413       0x33 build/Trace.o
 .ARM.attributes
                0x0000000000000446       0x33 build/trace_impl.o
 .ARM.attributes
                0x0000000000000479       0x21 build/startup_stm32f103xb.o
 .ARM.attributes
                0x000000000000049a       0x2d /home/mpitiot/opt/gcc-arm-none-eabi-6-2017-q1-update/bin/../lib/gcc/arm-none-eabi/6.3.1/../../../../arm-none-eabi/lib/thumb/v7-m/libc_nano.a(lib_a-impure.o)
 .ARM.attributes
                0x00000000000004c7       0x2d /home/mpitiot/opt/gcc-arm-none-eabi-6-2017-q1-update/bin/../lib/gcc/arm-none-eabi/6.3.1/../../../../arm-none-eabi/lib/thumb/v7-m/libc_nano.a(lib_a-init.o)
 .ARM.attributes
                0x00000000000004f4       0x2d /home/mpitiot/opt/gcc-arm-none-eabi-6-2017-q1-update/bin/../lib/gcc/arm-none-eabi/6.3.1/../../../../arm-none-eabi/lib/thumb/v7-m/libc_nano.a(lib_a-vsnprintf.o)
 .ARM.attributes
                0x0000000000000521       0x2d /home/mpitiot/opt/gcc-arm-none-eabi-6-2017-q1-update/bin/../lib/gcc/arm-none-eabi/6.3.1/../../../../arm-none-eabi/lib/thumb/v7-m/libc_nano.a(lib_a-nano-svfprintf.o)
 .ARM.attributes
                0x000000000000054e       0x2d /home/mpitiot/opt/gcc-arm-none-eabi-6-2017-q1-update/bin/../lib/gcc/arm-none-eabi/6.3.1/../../../../arm-none-eabi/lib/thumb/v7-m/libc_nano.a(lib_a-nano-vfprintf_i.o)
 .ARM.attributes
                0x000000000000057b       0x2d /home/mpitiot/opt/gcc-arm-none-eabi-6-2017-q1-update/bin/../lib/gcc/arm-none-eabi/6.3.1/../../../../arm-none-eabi/lib/thumb/v7-m/libc_nano.a(lib_a-memchr-stub.o)
 .ARM.attributes
                0x00000000000005a8       0x2d /home/mpitiot/opt/gcc-arm-none-eabi-6-2017-q1-update/bin/../lib/gcc/arm-none-eabi/6.3.1/../../../../arm-none-eabi/lib/thumb/v7-m/libc_nano.a(lib_a-memcpy-stub.o)
 .ARM.attributes
                0x00000000000005d5       0x2d /home/mpitiot/opt/gcc-arm-none-eabi-6-2017-q1-update/bin/../lib/gcc/arm-none-eabi/6.3.1/../../../../arm-none-eabi/lib/thumb/v7-m/libc_nano.a(lib_a-memmove.o)
 .ARM.attributes
                0x0000000000000602       0x2d /home/mpitiot/opt/gcc-arm-none-eabi-6-2017-q1-update/bin/../lib/gcc/arm-none-eabi/6.3.1/../../../../arm-none-eabi/lib/thumb/v7-m/libc_nano.a(lib_a-nano-freer.o)
 .ARM.attributes
                0x000000000000062f       0x2d /home/mpitiot/opt/gcc-arm-none-eabi-6-2017-q1-update/bin/../lib/gcc/arm-none-eabi/6.3.1/../../../../arm-none-eabi/lib/thumb/v7-m/libc_nano.a(lib_a-nano-mallocr.o)
 .ARM.attributes
                0x000000000000065c       0x2d /home/mpitiot/opt/gcc-arm-none-eabi-6-2017-q1-update/bin/../lib/gcc/arm-none-eabi/6.3.1/../../../../arm-none-eabi/lib/thumb/v7-m/libc_nano.a(lib_a-nano-reallocr.o)
 .ARM.attributes
                0x0000000000000689       0x2d /home/mpitiot/opt/gcc-arm-none-eabi-6-2017-q1-update/bin/../lib/gcc/arm-none-eabi/6.3.1/../../../../arm-none-eabi/lib/thumb/v7-m/libc_nano.a(lib_a-sbrkr.o)
 .ARM.attributes
                0x00000000000006b6       0x2d /home/mpitiot/opt/gcc-arm-none-eabi-6-2017-q1-update/bin/../lib/gcc/arm-none-eabi/6.3.1/../../../../arm-none-eabi/lib/thumb/v7-m/libc_nano.a(lib_a-mlock.o)
 .ARM.attributes
                0x00000000000006e3       0x2d /home/mpitiot/opt/gcc-arm-none-eabi-6-2017-q1-update/bin/../lib/gcc/arm-none-eabi/6.3.1/../../../../arm-none-eabi/lib/thumb/v7-m/libc_nano.a(lib_a-nano-msizer.o)
 .ARM.attributes
                0x0000000000000710       0x2d /home/mpitiot/opt/gcc-arm-none-eabi-6-2017-q1-update/bin/../lib/gcc/arm-none-eabi/6.3.1/../../../../arm-none-eabi/lib/thumb/v7-m/libc_nano.a(lib_a-reent.o)
 .ARM.attributes
                0x000000000000073d       0x2d /home/mpitiot/opt/gcc-arm-none-eabi-6-2017-q1-update/bin/../lib/gcc/arm-none-eabi/6.3.1/../../../../arm-none-eabi/lib/thumb/v7-m/libnosys.a(sbrk.o)
 .ARM.attributes
                0x000000000000076a       0x1d /home/mpitiot/opt/gcc-arm-none-eabi-6-2017-q1-update/bin/../lib/gcc/arm-none-eabi/6.3.1/thumb/v7-m/crtn.o
OUTPUT(build/USB_IR-qt.elf elf32-littlearm)

.debug_info     0x0000000000000000    0x18ca0
 .debug_info    0x0000000000000000      0xd85 build/stm32f1xx_hal_rcc_ex.o
 .debug_info    0x0000000000000d85     0x1bf0 build/stm32f1xx_hal_pcd.o
 .debug_info    0x0000000000002975      0xf72 build/stm32f1xx_hal_pcd_ex.o
 .debug_info    0x00000000000038e7     0x105b build/stm32f1xx_hal.o
 .debug_info    0x0000000000004942      0xfe7 build/stm32f1xx_it.o
 .debug_info    0x0000000000005929     0x1601 build/stm32f1xx_hal_cortex.o
 .debug_info    0x0000000000006f2a     0x1313 build/stm32f1xx_hal_rcc.o
 .debug_info    0x000000000000823d     0x18a1 build/main.o
 .debug_info    0x0000000000009ade     0x1807 build/usbd_ctlreq.o
 .debug_info    0x000000000000b2e5      0xd4a build/system_stm32f1xx.o
 .debug_info    0x000000000000c02f     0x1157 build/usbd_ioreq.o
 .debug_info    0x000000000000d186     0x130c build/usbd_hid.o
 .debug_info    0x000000000000e492      0xfd7 build/stm32f1xx_hal_gpio.o
 .debug_info    0x000000000000f469     0x165f build/usbd_core.o
 .debug_info    0x0000000000010ac8      0xdca build/stm32f1xx_hal_msp.o
 .debug_info    0x0000000000011892     0x18f1 build/stm32f1xx_ll_usb.o
 .debug_info    0x0000000000013183     0x2301 build/usbd_conf.o
 .debug_info    0x0000000000015484      0xf25 build/usb_device.o
 .debug_info    0x00000000000163a9      0xe7a build/usbd_desc.o
 .debug_info    0x0000000000017223      0xc3a build/Trace.o
 .debug_info    0x0000000000017e5d      0xddf build/trace_impl.o
 .debug_info    0x0000000000018c3c       0x64 build/startup_stm32f103xb.o

.debug_abbrev   0x0000000000000000     0x3727
 .debug_abbrev  0x0000000000000000      0x294 build/stm32f1xx_hal_rcc_ex.o
 .debug_abbrev  0x0000000000000294      0x36e build/stm32f1xx_hal_pcd.o
 .debug_abbrev  0x0000000000000602      0x211 build/stm32f1xx_hal_pcd_ex.o
 .debug_abbrev  0x0000000000000813      0x2e1 build/stm32f1xx_hal.o
 .debug_abbrev  0x0000000000000af4      0x1fd build/stm32f1xx_it.o
 .debug_abbrev  0x0000000000000cf1      0x3d1 build/stm32f1xx_hal_cortex.o
 .debug_abbrev  0x00000000000010c2      0x31d build/stm32f1xx_hal_rcc.o
 .debug_abbrev  0x00000000000013df      0x29b build/main.o
 .debug_abbrev  0x000000000000167a      0x323 build/usbd_ctlreq.o
 .debug_abbrev  0x000000000000199d      0x207 build/system_stm32f1xx.o
 .debug_abbrev  0x0000000000001ba4      0x1f5 build/usbd_ioreq.o
 .debug_abbrev  0x0000000000001d99      0x2b5 build/usbd_hid.o
 .debug_abbrev  0x000000000000204e      0x2bc build/stm32f1xx_hal_gpio.o
 .debug_abbrev  0x000000000000230a      0x2e0 build/usbd_core.o
 .debug_abbrev  0x00000000000025ea      0x214 build/stm32f1xx_hal_msp.o
 .debug_abbrev  0x00000000000027fe      0x2d8 build/stm32f1xx_ll_usb.o
 .debug_abbrev  0x0000000000002ad6      0x333 build/usbd_conf.o
 .debug_abbrev  0x0000000000002e09      0x1ef build/usb_device.o
 .debug_abbrev  0x0000000000002ff8      0x270 build/usbd_desc.o
 .debug_abbrev  0x0000000000003268      0x259 build/Trace.o
 .debug_abbrev  0x00000000000034c1      0x254 build/trace_impl.o
 .debug_abbrev  0x0000000000003715       0x12 build/startup_stm32f103xb.o

.debug_loc      0x0000000000000000     0x65b1
 .debug_loc     0x0000000000000000      0x364 build/stm32f1xx_hal_rcc_ex.o
 .debug_loc     0x0000000000000364      0xc8f build/stm32f1xx_hal_pcd.o
 .debug_loc     0x0000000000000ff3       0xf4 build/stm32f1xx_hal_pcd_ex.o
 .debug_loc     0x00000000000010e7      0x101 build/stm32f1xx_hal.o
 .debug_loc     0x00000000000011e8       0x60 build/stm32f1xx_it.o
 .debug_loc     0x0000000000001248      0x63d build/stm32f1xx_hal_cortex.o
 .debug_loc     0x0000000000001885      0x5e3 build/stm32f1xx_hal_rcc.o
 .debug_loc     0x0000000000001e68       0xaa build/main.o
 .debug_loc     0x0000000000001f12      0xd28 build/usbd_ctlreq.o
 .debug_loc     0x0000000000002c3a       0xdf build/system_stm32f1xx.o
 .debug_loc     0x0000000000002d19      0x31c build/usbd_ioreq.o
 .debug_loc     0x0000000000003035      0x536 build/usbd_hid.o
 .debug_loc     0x000000000000356b      0x501 build/stm32f1xx_hal_gpio.o
 .debug_loc     0x0000000000003a6c      0x8a8 build/usbd_core.o
 .debug_loc     0x0000000000004314       0x38 build/stm32f1xx_hal_msp.o
 .debug_loc     0x000000000000434c      0xd44 build/stm32f1xx_ll_usb.o
 .debug_loc     0x0000000000005090      0xecb build/usbd_conf.o
 .debug_loc     0x0000000000005f5b       0x20 build/usb_device.o
 .debug_loc     0x0000000000005f7b      0x357 build/usbd_desc.o
 .debug_loc     0x00000000000062d2      0x1ca build/Trace.o
 .debug_loc     0x000000000000649c      0x115 build/trace_impl.o

.debug_aranges  0x0000000000000000      0x988
 .debug_aranges
                0x0000000000000000       0x30 build/stm32f1xx_hal_rcc_ex.o
 .debug_aranges
                0x0000000000000030      0x120 build/stm32f1xx_hal_pcd.o
 .debug_aranges
                0x0000000000000150       0x28 build/stm32f1xx_hal_pcd_ex.o
 .debug_aranges
                0x0000000000000178       0xb8 build/stm32f1xx_hal.o
 .debug_aranges
                0x0000000000000230       0x68 build/stm32f1xx_it.o
 .debug_aranges
                0x0000000000000298       0x90 build/stm32f1xx_hal_cortex.o
 .debug_aranges
                0x0000000000000328       0x90 build/stm32f1xx_hal_rcc.o
 .debug_aranges
                0x00000000000003b8       0x38 build/main.o
 .debug_aranges
                0x00000000000003f0       0x88 build/usbd_ctlreq.o
 .debug_aranges
                0x0000000000000478       0x28 build/system_stm32f1xx.o
 .debug_aranges
                0x00000000000004a0       0x50 build/usbd_ioreq.o
 .debug_aranges
                0x00000000000004f0       0x58 build/usbd_hid.o
 .debug_aranges
                0x0000000000000548       0x58 build/stm32f1xx_hal_gpio.o
 .debug_aranges
                0x00000000000005a0       0xb8 build/usbd_core.o
 .debug_aranges
                0x0000000000000658       0x20 build/stm32f1xx_hal_msp.o
 .debug_aranges
                0x0000000000000678      0x100 build/stm32f1xx_ll_usb.o
 .debug_aranges
                0x0000000000000778      0x110 build/usbd_conf.o
 .debug_aranges
                0x0000000000000888       0x20 build/usb_device.o
 .debug_aranges
                0x00000000000008a8       0x50 build/usbd_desc.o
 .debug_aranges
                0x00000000000008f8       0x38 build/Trace.o
 .debug_aranges
                0x0000000000000930       0x30 build/trace_impl.o
 .debug_aranges
                0x0000000000000960       0x28 build/startup_stm32f103xb.o

.debug_ranges   0x0000000000000000      0xa10
 .debug_ranges  0x0000000000000000       0x38 build/stm32f1xx_hal_rcc_ex.o
 .debug_ranges  0x0000000000000038      0x140 build/stm32f1xx_hal_pcd.o
 .debug_ranges  0x0000000000000178       0x18 build/stm32f1xx_hal_pcd_ex.o
 .debug_ranges  0x0000000000000190       0xa8 build/stm32f1xx_hal.o
 .debug_ranges  0x0000000000000238       0x58 build/stm32f1xx_it.o
 .debug_ranges  0x0000000000000290       0xe0 build/stm32f1xx_hal_cortex.o
 .debug_ranges  0x0000000000000370       0xa0 build/stm32f1xx_hal_rcc.o
 .debug_ranges  0x0000000000000410       0x28 build/main.o
 .debug_ranges  0x0000000000000438       0x78 build/usbd_ctlreq.o
 .debug_ranges  0x00000000000004b0       0x18 build/system_stm32f1xx.o
 .debug_ranges  0x00000000000004c8       0x40 build/usbd_ioreq.o
 .debug_ranges  0x0000000000000508       0x48 build/usbd_hid.o
 .debug_ranges  0x0000000000000550       0x48 build/stm32f1xx_hal_gpio.o
 .debug_ranges  0x0000000000000598       0xa8 build/usbd_core.o
 .debug_ranges  0x0000000000000640       0x10 build/stm32f1xx_hal_msp.o
 .debug_ranges  0x0000000000000650      0x1e0 build/stm32f1xx_ll_usb.o
 .debug_ranges  0x0000000000000830      0x100 build/usbd_conf.o
 .debug_ranges  0x0000000000000930       0x10 build/usb_device.o
 .debug_ranges  0x0000000000000940       0x40 build/usbd_desc.o
 .debug_ranges  0x0000000000000980       0x28 build/Trace.o
 .debug_ranges  0x00000000000009a8       0x48 build/trace_impl.o
 .debug_ranges  0x00000000000009f0       0x20 build/startup_stm32f103xb.o

.debug_line     0x0000000000000000     0x5386
 .debug_line    0x0000000000000000      0x359 build/stm32f1xx_hal_rcc_ex.o
 .debug_line    0x0000000000000359      0x754 build/stm32f1xx_hal_pcd.o
 .debug_line    0x0000000000000aad      0x2a9 build/stm32f1xx_hal_pcd_ex.o
 .debug_line    0x0000000000000d56      0x3cf build/stm32f1xx_hal.o
 .debug_line    0x0000000000001125      0x33e build/stm32f1xx_it.o
 .debug_line    0x0000000000001463      0x3ce build/stm32f1xx_hal_cortex.o
 .debug_line    0x0000000000001831      0x566 build/stm32f1xx_hal_rcc.o
 .debug_line    0x0000000000001d97      0x467 build/main.o
 .debug_line    0x00000000000021fe      0x4d0 build/usbd_ctlreq.o
 .debug_line    0x00000000000026ce      0x253 build/system_stm32f1xx.o
 .debug_line    0x0000000000002921      0x336 build/usbd_ioreq.o
 .debug_line    0x0000000000002c57      0x42c build/usbd_hid.o
 .debug_line    0x0000000000003083      0x420 build/stm32f1xx_hal_gpio.o
 .debug_line    0x00000000000034a3      0x4cc build/usbd_core.o
 .debug_line    0x000000000000396f      0x24b build/stm32f1xx_hal_msp.o
 .debug_line    0x0000000000003bba      0x6a4 build/stm32f1xx_ll_usb.o
 .debug_line    0x000000000000425e      0x631 build/usbd_conf.o
 .debug_line    0x000000000000488f      0x2fc build/usb_device.o
 .debug_line    0x0000000000004b8b      0x325 build/usbd_desc.o
 .debug_line    0x0000000000004eb0      0x203 build/Trace.o
 .debug_line    0x00000000000050b3      0x261 build/trace_impl.o
 .debug_line    0x0000000000005314       0x72 build/startup_stm32f103xb.o

.debug_str      0x0000000000000000     0x2bf6
 .debug_str     0x0000000000000000      0x766 build/stm32f1xx_hal_rcc_ex.o
                                        0x7e9 (size before relaxing)
 .debug_str     0x0000000000000766      0x80d build/stm32f1xx_hal_pcd.o
                                        0xe28 (size before relaxing)
 .debug_str     0x0000000000000f73       0x54 build/stm32f1xx_hal_pcd_ex.o
                                        0x953 (size before relaxing)
 .debug_str     0x0000000000000fc7      0x51b build/stm32f1xx_hal.o
                                        0xb5d (size before relaxing)
 .debug_str     0x00000000000014e2       0xf8 build/stm32f1xx_it.o
                                        0x9ae (size before relaxing)
 .debug_str     0x00000000000015da      0x295 build/stm32f1xx_hal_cortex.o
                                        0xcc1 (size before relaxing)
 .debug_str     0x000000000000186f      0x2c3 build/stm32f1xx_hal_rcc.o
                                        0xa05 (size before relaxing)
 .debug_str     0x0000000000001b32      0x4ba build/main.o
                                       0x10ae (size before relaxing)
 .debug_str     0x0000000000001fec      0x20b build/usbd_ctlreq.o
                                        0xb5e (size before relaxing)
 .debug_str     0x00000000000021f7       0x4a build/system_stm32f1xx.o
                                        0x697 (size before relaxing)
 .debug_str     0x0000000000002241       0xe0 build/usbd_ioreq.o
                                        0xa8b (size before relaxing)
 .debug_str     0x0000000000002321      0x1e0 build/usbd_hid.o
                                        0xbb3 (size before relaxing)
 .debug_str     0x0000000000002501      0x14b build/stm32f1xx_hal_gpio.o
                                        0x82e (size before relaxing)
 .debug_str     0x000000000000264c      0x1bb build/usbd_core.o
                                        0xc44 (size before relaxing)
 .debug_str     0x0000000000002807       0x18 build/stm32f1xx_hal_msp.o
                                        0x949 (size before relaxing)
 .debug_str     0x000000000000281f      0x151 build/stm32f1xx_ll_usb.o
                                        0xb26 (size before relaxing)
 .debug_str     0x0000000000002970       0x4e build/usbd_conf.o
                                       0x1525 (size before relaxing)
 .debug_str     0x00000000000029be       0x11 build/usb_device.o
                                        0x9b0 (size before relaxing)
 .debug_str     0x00000000000029cf      0x10b build/usbd_desc.o
                                        0x7ff (size before relaxing)
 .debug_str     0x0000000000002ada       0x86 build/Trace.o
                                        0x608 (size before relaxing)
 .debug_str     0x0000000000002b60       0x96 build/trace_impl.o
                                        0x6d8 (size before relaxing)

.comment        0x0000000000000000       0x7f
 .comment       0x0000000000000000       0x7f build/stm32f1xx_hal_rcc_ex.o
                                         0x80 (size before relaxing)
 .comment       0x000000000000007f       0x80 build/stm32f1xx_hal_pcd.o
 .comment       0x000000000000007f       0x80 build/stm32f1xx_hal_pcd_ex.o
 .comment       0x000000000000007f       0x80 build/stm32f1xx_hal.o
 .comment       0x000000000000007f       0x80 build/stm32f1xx_it.o
 .comment       0x000000000000007f       0x80 build/stm32f1xx_hal_cortex.o
 .comment       0x000000000000007f       0x80 build/stm32f1xx_hal_rcc.o
 .comment       0x000000000000007f       0x80 build/main.o
 .comment       0x000000000000007f       0x80 build/usbd_ctlreq.o
 .comment       0x000000000000007f       0x80 build/system_stm32f1xx.o
 .comment       0x000000000000007f       0x80 build/usbd_ioreq.o
 .comment       0x000000000000007f       0x80 build/usbd_hid.o
 .comment       0x000000000000007f       0x80 build/stm32f1xx_hal_gpio.o
 .comment       0x000000000000007f       0x80 build/usbd_core.o
 .comment       0x000000000000007f       0x80 build/stm32f1xx_hal_msp.o
 .comment       0x000000000000007f       0x80 build/stm32f1xx_ll_usb.o
 .comment       0x000000000000007f       0x80 build/usbd_conf.o
 .comment       0x000000000000007f       0x80 build/usb_device.o
 .comment       0x000000000000007f       0x80 build/usbd_desc.o
 .comment       0x000000000000007f       0x80 build/Trace.o
 .comment       0x000000000000007f       0x80 build/trace_impl.o

.debug_frame    0x0000000000000000     0x1b00
 .debug_frame   0x0000000000000000       0x74 build/stm32f1xx_hal_rcc_ex.o
 .debug_frame   0x0000000000000074      0x338 build/stm32f1xx_hal_pcd.o
 .debug_frame   0x00000000000003ac       0x30 build/stm32f1xx_hal_pcd_ex.o
 .debug_frame   0x00000000000003dc      0x188 build/stm32f1xx_hal.o
 .debug_frame   0x0000000000000564       0xd4 build/stm32f1xx_it.o
 .debug_frame   0x0000000000000638      0x13c build/stm32f1xx_hal_cortex.o
 .debug_frame   0x0000000000000774      0x17c build/stm32f1xx_hal_rcc.o
 .debug_frame   0x00000000000008f0       0x8c build/main.o
 .debug_frame   0x000000000000097c      0x1ac build/usbd_ctlreq.o
 .debug_frame   0x0000000000000b28       0x30 build/system_stm32f1xx.o
 .debug_frame   0x0000000000000b58       0xd4 build/usbd_ioreq.o
 .debug_frame   0x0000000000000c2c       0xc4 build/usbd_hid.o
 .debug_frame   0x0000000000000cf0      0x104 build/stm32f1xx_hal_gpio.o
 .debug_frame   0x0000000000000df4      0x1ec build/usbd_core.o
 .debug_frame   0x0000000000000fe0       0x30 build/stm32f1xx_hal_msp.o
 .debug_frame   0x0000000000001010      0x250 build/stm32f1xx_ll_usb.o
 .debug_frame   0x0000000000001260      0x344 build/usbd_conf.o
 .debug_frame   0x00000000000015a4       0x2c build/usb_device.o
 .debug_frame   0x00000000000015d0       0xbc build/usbd_desc.o
 .debug_frame   0x000000000000168c       0xa4 build/Trace.o
 .debug_frame   0x0000000000001730       0x58 build/trace_impl.o
 .debug_frame   0x0000000000001788       0x2c /home/mpitiot/opt/gcc-arm-none-eabi-6-2017-q1-update/bin/../lib/gcc/arm-none-eabi/6.3.1/../../../../arm-none-eabi/lib/thumb/v7-m/libc_nano.a(lib_a-init.o)
 .debug_frame   0x00000000000017b4       0x4c /home/mpitiot/opt/gcc-arm-none-eabi-6-2017-q1-update/bin/../lib/gcc/arm-none-eabi/6.3.1/../../../../arm-none-eabi/lib/thumb/v7-m/libc_nano.a(lib_a-vsnprintf.o)
 .debug_frame   0x0000000000001800       0x90 /home/mpitiot/opt/gcc-arm-none-eabi-6-2017-q1-update/bin/../lib/gcc/arm-none-eabi/6.3.1/../../../../arm-none-eabi/lib/thumb/v7-m/libc_nano.a(lib_a-nano-svfprintf.o)
 .debug_frame   0x0000000000001890       0x60 /home/mpitiot/opt/gcc-arm-none-eabi-6-2017-q1-update/bin/../lib/gcc/arm-none-eabi/6.3.1/../../../../arm-none-eabi/lib/thumb/v7-m/libc_nano.a(lib_a-nano-vfprintf_i.o)
 .debug_frame   0x00000000000018f0       0x28 /home/mpitiot/opt/gcc-arm-none-eabi-6-2017-q1-update/bin/../lib/gcc/arm-none-eabi/6.3.1/../../../../arm-none-eabi/lib/thumb/v7-m/libc_nano.a(lib_a-memchr-stub.o)
 .debug_frame   0x0000000000001918       0x28 /home/mpitiot/opt/gcc-arm-none-eabi-6-2017-q1-update/bin/../lib/gcc/arm-none-eabi/6.3.1/../../../../arm-none-eabi/lib/thumb/v7-m/libc_nano.a(lib_a-memcpy-stub.o)
 .debug_frame   0x0000000000001940       0x28 /home/mpitiot/opt/gcc-arm-none-eabi-6-2017-q1-update/bin/../lib/gcc/arm-none-eabi/6.3.1/../../../../arm-none-eabi/lib/thumb/v7-m/libc_nano.a(lib_a-memmove.o)
 .debug_frame   0x0000000000001968       0x38 /home/mpitiot/opt/gcc-arm-none-eabi-6-2017-q1-update/bin/../lib/gcc/arm-none-eabi/6.3.1/../../../../arm-none-eabi/lib/thumb/v7-m/libc_nano.a(lib_a-nano-freer.o)
 .debug_frame   0x00000000000019a0       0x2c /home/mpitiot/opt/gcc-arm-none-eabi-6-2017-q1-update/bin/../lib/gcc/arm-none-eabi/6.3.1/../../../../arm-none-eabi/lib/thumb/v7-m/libc_nano.a(lib_a-nano-mallocr.o)
 .debug_frame   0x00000000000019cc       0x3c /home/mpitiot/opt/gcc-arm-none-eabi-6-2017-q1-update/bin/../lib/gcc/arm-none-eabi/6.3.1/../../../../arm-none-eabi/lib/thumb/v7-m/libc_nano.a(lib_a-nano-reallocr.o)
 .debug_frame   0x0000000000001a08       0x2c /home/mpitiot/opt/gcc-arm-none-eabi-6-2017-q1-update/bin/../lib/gcc/arm-none-eabi/6.3.1/../../../../arm-none-eabi/lib/thumb/v7-m/libc_nano.a(lib_a-sbrkr.o)
 .debug_frame   0x0000000000001a34       0x30 /home/mpitiot/opt/gcc-arm-none-eabi-6-2017-q1-update/bin/../lib/gcc/arm-none-eabi/6.3.1/../../../../arm-none-eabi/lib/thumb/v7-m/libc_nano.a(lib_a-mlock.o)
 .debug_frame   0x0000000000001a64       0x20 /home/mpitiot/opt/gcc-arm-none-eabi-6-2017-q1-update/bin/../lib/gcc/arm-none-eabi/6.3.1/../../../../arm-none-eabi/lib/thumb/v7-m/libc_nano.a(lib_a-nano-msizer.o)
 .debug_frame   0x0000000000001a84       0x5c /home/mpitiot/opt/gcc-arm-none-eabi-6-2017-q1-update/bin/../lib/gcc/arm-none-eabi/6.3.1/../../../../arm-none-eabi/lib/thumb/v7-m/libc_nano.a(lib_a-reent.o)
 .debug_frame   0x0000000000001ae0       0x20 /home/mpitiot/opt/gcc-arm-none-eabi-6-2017-q1-update/bin/../lib/gcc/arm-none-eabi/6.3.1/../../../../arm-none-eabi/lib/thumb/v7-m/libnosys.a(sbrk.o)

Cross Reference Table

Symbol                                            File
ADC1_2_IRQHandler                                 build/startup_stm32f103xb.o
AHBPrescTable                                     build/system_stm32f1xx.o
                                                  build/stm32f1xx_hal_rcc.o
APBPrescTable                                     build/system_stm32f1xx.o
                                                  build/stm32f1xx_hal_rcc.o
BusFault_Handler                                  build/stm32f1xx_it.o
CAN1_RX1_IRQHandler                               build/startup_stm32f103xb.o
CAN1_SCE_IRQHandler                               build/startup_stm32f103xb.o
DMA1_Channel1_IRQHandler                          build/startup_stm32f103xb.o
DMA1_Channel2_IRQHandler                          build/startup_stm32f103xb.o
DMA1_Channel3_IRQHandler                          build/startup_stm32f103xb.o
DMA1_Channel4_IRQHandler                          build/startup_stm32f103xb.o
DMA1_Channel5_IRQHandler                          build/startup_stm32f103xb.o
DMA1_Channel6_IRQHandler                          build/startup_stm32f103xb.o
DMA1_Channel7_IRQHandler                          build/startup_stm32f103xb.o
DebugMon_Handler                                  build/stm32f1xx_it.o
Default_Handler                                   build/startup_stm32f103xb.o
EXTI0_IRQHandler                                  build/startup_stm32f103xb.o
EXTI15_10_IRQHandler                              build/startup_stm32f103xb.o
EXTI1_IRQHandler                                  build/startup_stm32f103xb.o
EXTI2_IRQHandler                                  build/startup_stm32f103xb.o
EXTI3_IRQHandler                                  build/startup_stm32f103xb.o
EXTI4_IRQHandler                                  build/startup_stm32f103xb.o
EXTI9_5_IRQHandler                                build/startup_stm32f103xb.o
FLASH_IRQHandler                                  build/startup_stm32f103xb.o
FLASH_PageErase                                   build/stm32f1xx_hal_flash_ex.o
                                                  build/stm32f1xx_hal_flash.o
FLASH_WaitForLastOperation                        build/stm32f1xx_hal_flash.o
                                                  build/stm32f1xx_hal_flash_ex.o
FS_Desc                                           build/usbd_desc.o
                                                  build/usb_device.o
HAL_DBGMCU_DisableDBGSleepMode                    build/stm32f1xx_hal.o
HAL_DBGMCU_DisableDBGStandbyMode                  build/stm32f1xx_hal.o
HAL_DBGMCU_DisableDBGStopMode                     build/stm32f1xx_hal.o
HAL_DBGMCU_EnableDBGSleepMode                     build/stm32f1xx_hal.o
HAL_DBGMCU_EnableDBGStandbyMode                   build/stm32f1xx_hal.o
HAL_DBGMCU_EnableDBGStopMode                      build/stm32f1xx_hal.o
HAL_DMA_Abort                                     build/stm32f1xx_hal_dma.o
HAL_DMA_Abort_IT                                  build/stm32f1xx_hal_dma.o
HAL_DMA_DeInit                                    build/stm32f1xx_hal_dma.o
HAL_DMA_GetError                                  build/stm32f1xx_hal_dma.o
HAL_DMA_GetState                                  build/stm32f1xx_hal_dma.o
HAL_DMA_IRQHandler                                build/stm32f1xx_hal_dma.o
HAL_DMA_Init                                      build/stm32f1xx_hal_dma.o
HAL_DMA_PollForTransfer                           build/stm32f1xx_hal_dma.o
HAL_DMA_RegisterCallback                          build/stm32f1xx_hal_dma.o
HAL_DMA_Start                                     build/stm32f1xx_hal_dma.o
HAL_DMA_Start_IT                                  build/stm32f1xx_hal_dma.o
HAL_DMA_UnRegisterCallback                        build/stm32f1xx_hal_dma.o
HAL_DeInit                                        build/stm32f1xx_hal.o
HAL_Delay                                         build/stm32f1xx_hal.o
                                                  build/usbd_conf.o
                                                  build/main.o
HAL_FLASHEx_Erase                                 build/stm32f1xx_hal_flash_ex.o
HAL_FLASHEx_Erase_IT                              build/stm32f1xx_hal_flash_ex.o
HAL_FLASHEx_OBErase                               build/stm32f1xx_hal_flash_ex.o
HAL_FLASHEx_OBGetConfig                           build/stm32f1xx_hal_flash_ex.o
HAL_FLASHEx_OBGetUserData                         build/stm32f1xx_hal_flash_ex.o
HAL_FLASHEx_OBProgram                             build/stm32f1xx_hal_flash_ex.o
HAL_FLASH_EndOfOperationCallback                  build/stm32f1xx_hal_flash.o
HAL_FLASH_GetError                                build/stm32f1xx_hal_flash.o
HAL_FLASH_IRQHandler                              build/stm32f1xx_hal_flash.o
HAL_FLASH_Lock                                    build/stm32f1xx_hal_flash.o
HAL_FLASH_OB_Launch                               build/stm32f1xx_hal_flash.o
HAL_FLASH_OB_Lock                                 build/stm32f1xx_hal_flash.o
HAL_FLASH_OB_Unlock                               build/stm32f1xx_hal_flash.o
HAL_FLASH_OperationErrorCallback                  build/stm32f1xx_hal_flash.o
HAL_FLASH_Program                                 build/stm32f1xx_hal_flash.o
HAL_FLASH_Program_IT                              build/stm32f1xx_hal_flash.o
HAL_FLASH_Unlock                                  build/stm32f1xx_hal_flash.o
HAL_GPIOEx_ConfigEventout                         build/stm32f1xx_hal_gpio_ex.o
HAL_GPIOEx_DisableEventout                        build/stm32f1xx_hal_gpio_ex.o
HAL_GPIOEx_EnableEventout                         build/stm32f1xx_hal_gpio_ex.o
HAL_GPIO_DeInit                                   build/stm32f1xx_hal_gpio.o
HAL_GPIO_EXTI_Callback                            build/stm32f1xx_hal_gpio.o
HAL_GPIO_EXTI_IRQHandler                          build/stm32f1xx_hal_gpio.o
HAL_GPIO_Init                                     build/stm32f1xx_hal_gpio.o
                                                  build/main.o
                                                  build/stm32f1xx_hal_rcc.o
HAL_GPIO_LockPin                                  build/stm32f1xx_hal_gpio.o
HAL_GPIO_ReadPin                                  build/stm32f1xx_hal_gpio.o
HAL_GPIO_TogglePin                                build/stm32f1xx_hal_gpio.o
HAL_GPIO_WritePin                                 build/stm32f1xx_hal_gpio.o
                                                  build/main.o
HAL_GetDEVID                                      build/stm32f1xx_hal.o
HAL_GetHalVersion                                 build/stm32f1xx_hal.o
HAL_GetREVID                                      build/stm32f1xx_hal.o
HAL_GetTick                                       build/stm32f1xx_hal.o
                                                  build/stm32f1xx_hal_flash.o
                                                  build/stm32f1xx_hal_rcc.o
                                                  build/stm32f1xx_hal_dma.o
                                                  build/stm32f1xx_hal_rcc_ex.o
HAL_GetUID                                        build/stm32f1xx_hal.o
HAL_IncTick                                       build/stm32f1xx_hal.o
                                                  build/stm32f1xx_it.o
HAL_Init                                          build/stm32f1xx_hal.o
                                                  build/main.o
HAL_InitTick                                      build/stm32f1xx_hal.o
                                                  build/stm32f1xx_hal_rcc.o
HAL_MspDeInit                                     build/stm32f1xx_hal.o
HAL_MspInit                                       build/stm32f1xx_hal_msp.o
                                                  build/stm32f1xx_hal.o
HAL_NVIC_ClearPendingIRQ                          build/stm32f1xx_hal_cortex.o
HAL_NVIC_DisableIRQ                               build/stm32f1xx_hal_cortex.o
                                                  build/usbd_conf.o
HAL_NVIC_EnableIRQ                                build/stm32f1xx_hal_cortex.o
                                                  build/usbd_conf.o
HAL_NVIC_GetActive                                build/stm32f1xx_hal_cortex.o
HAL_NVIC_GetPendingIRQ                            build/stm32f1xx_hal_cortex.o
HAL_NVIC_GetPriority                              build/stm32f1xx_hal_cortex.o
HAL_NVIC_GetPriorityGrouping                      build/stm32f1xx_hal_cortex.o
HAL_NVIC_SetPendingIRQ                            build/stm32f1xx_hal_cortex.o
HAL_NVIC_SetPriority                              build/stm32f1xx_hal_cortex.o
                                                  build/usbd_conf.o
                                                  build/stm32f1xx_hal_msp.o
                                                  build/main.o
                                                  build/stm32f1xx_hal.o
HAL_NVIC_SetPriorityGrouping                      build/stm32f1xx_hal_cortex.o
                                                  build/stm32f1xx_hal_msp.o
                                                  build/stm32f1xx_hal.o
HAL_NVIC_SystemReset                              build/stm32f1xx_hal_cortex.o
                                                  build/stm32f1xx_hal_flash.o
HAL_PCDEx_PMAConfig                               build/stm32f1xx_hal_pcd_ex.o
                                                  build/usbd_conf.o
HAL_PCDEx_SetConnectionState                      build/usbd_conf.o
                                                  build/stm32f1xx_hal_pcd_ex.o
                                                  build/stm32f1xx_hal_pcd.o
HAL_PCD_ActivateRemoteWakeup                      build/stm32f1xx_hal_pcd.o
HAL_PCD_ConnectCallback                           build/usbd_conf.o
                                                  build/stm32f1xx_hal_pcd.o
HAL_PCD_DataInStageCallback                       build/usbd_conf.o
                                                  build/stm32f1xx_hal_pcd.o
HAL_PCD_DataOutStageCallback                      build/usbd_conf.o
                                                  build/stm32f1xx_hal_pcd.o
HAL_PCD_DeActivateRemoteWakeup                    build/stm32f1xx_hal_pcd.o
HAL_PCD_DeInit                                    build/stm32f1xx_hal_pcd.o
                                                  build/usbd_conf.o
HAL_PCD_DevConnect                                build/stm32f1xx_hal_pcd.o
HAL_PCD_DevDisconnect                             build/stm32f1xx_hal_pcd.o
HAL_PCD_DisconnectCallback                        build/usbd_conf.o
                                                  build/stm32f1xx_hal_pcd.o
HAL_PCD_EP_Close                                  build/stm32f1xx_hal_pcd.o
                                                  build/usbd_conf.o
HAL_PCD_EP_ClrStall                               build/stm32f1xx_hal_pcd.o
                                                  build/usbd_conf.o
HAL_PCD_EP_Flush                                  build/stm32f1xx_hal_pcd.o
                                                  build/usbd_conf.o
HAL_PCD_EP_GetRxCount                             build/stm32f1xx_hal_pcd.o
                                                  build/usbd_conf.o
HAL_PCD_EP_Open                                   build/stm32f1xx_hal_pcd.o
                                                  build/usbd_conf.o
HAL_PCD_EP_Receive                                build/stm32f1xx_hal_pcd.o
                                                  build/usbd_conf.o
HAL_PCD_EP_SetStall                               build/stm32f1xx_hal_pcd.o
                                                  build/usbd_conf.o
HAL_PCD_EP_Transmit                               build/stm32f1xx_hal_pcd.o
                                                  build/usbd_conf.o
HAL_PCD_GetState                                  build/stm32f1xx_hal_pcd.o
HAL_PCD_IRQHandler                                build/stm32f1xx_hal_pcd.o
                                                  build/stm32f1xx_it.o
HAL_PCD_ISOINIncompleteCallback                   build/usbd_conf.o
                                                  build/stm32f1xx_hal_pcd.o
HAL_PCD_ISOOUTIncompleteCallback                  build/usbd_conf.o
                                                  build/stm32f1xx_hal_pcd.o
HAL_PCD_Init                                      build/stm32f1xx_hal_pcd.o
                                                  build/usbd_conf.o
HAL_PCD_MspDeInit                                 build/usbd_conf.o
                                                  build/stm32f1xx_hal_pcd.o
HAL_PCD_MspInit                                   build/usbd_conf.o
                                                  build/stm32f1xx_hal_pcd.o
HAL_PCD_ResetCallback                             build/usbd_conf.o
                                                  build/stm32f1xx_hal_pcd.o
HAL_PCD_ResumeCallback                            build/usbd_conf.o
                                                  build/stm32f1xx_hal_pcd.o
HAL_PCD_SOFCallback                               build/usbd_conf.o
                                                  build/stm32f1xx_hal_pcd.o
HAL_PCD_SetAddress                                build/stm32f1xx_hal_pcd.o
                                                  build/usbd_conf.o
HAL_PCD_SetupStageCallback                        build/usbd_conf.o
                                                  build/stm32f1xx_hal_pcd.o
HAL_PCD_Start                                     build/stm32f1xx_hal_pcd.o
                                                  build/usbd_conf.o
HAL_PCD_Stop                                      build/stm32f1xx_hal_pcd.o
                                                  build/usbd_conf.o
HAL_PCD_SuspendCallback                           build/usbd_conf.o
                                                  build/stm32f1xx_hal_pcd.o
HAL_PWR_ConfigPVD                                 build/stm32f1xx_hal_pwr.o
HAL_PWR_DeInit                                    build/stm32f1xx_hal_pwr.o
HAL_PWR_DisableBkUpAccess                         build/stm32f1xx_hal_pwr.o
HAL_PWR_DisablePVD                                build/stm32f1xx_hal_pwr.o
HAL_PWR_DisableSEVOnPend                          build/stm32f1xx_hal_pwr.o
HAL_PWR_DisableSleepOnExit                        build/stm32f1xx_hal_pwr.o
HAL_PWR_DisableWakeUpPin                          build/stm32f1xx_hal_pwr.o
HAL_PWR_EnableBkUpAccess                          build/stm32f1xx_hal_pwr.o
HAL_PWR_EnablePVD                                 build/stm32f1xx_hal_pwr.o
HAL_PWR_EnableSEVOnPend                           build/stm32f1xx_hal_pwr.o
HAL_PWR_EnableSleepOnExit                         build/stm32f1xx_hal_pwr.o
HAL_PWR_EnableWakeUpPin                           build/stm32f1xx_hal_pwr.o
HAL_PWR_EnterSLEEPMode                            build/stm32f1xx_hal_pwr.o
HAL_PWR_EnterSTANDBYMode                          build/stm32f1xx_hal_pwr.o
HAL_PWR_EnterSTOPMode                             build/stm32f1xx_hal_pwr.o
HAL_PWR_PVDCallback                               build/stm32f1xx_hal_pwr.o
HAL_PWR_PVD_IRQHandler                            build/stm32f1xx_hal_pwr.o
HAL_RCCEx_GetPeriphCLKConfig                      build/stm32f1xx_hal_rcc_ex.o
HAL_RCCEx_GetPeriphCLKFreq                        build/stm32f1xx_hal_rcc_ex.o
HAL_RCCEx_PeriphCLKConfig                         build/stm32f1xx_hal_rcc_ex.o
                                                  build/main.o
HAL_RCC_CSSCallback                               build/stm32f1xx_hal_rcc.o
HAL_RCC_ClockConfig                               build/stm32f1xx_hal_rcc.o
                                                  build/main.o
HAL_RCC_DeInit                                    build/stm32f1xx_hal_rcc.o
HAL_RCC_DisableCSS                                build/stm32f1xx_hal_rcc.o
HAL_RCC_EnableCSS                                 build/stm32f1xx_hal_rcc.o
                                                  build/main.o
HAL_RCC_GetClockConfig                            build/stm32f1xx_hal_rcc.o
HAL_RCC_GetHCLKFreq                               build/stm32f1xx_hal_rcc.o
                                                  build/main.o
HAL_RCC_GetOscConfig                              build/stm32f1xx_hal_rcc.o
HAL_RCC_GetPCLK1Freq                              build/stm32f1xx_hal_rcc.o
HAL_RCC_GetPCLK2Freq                              build/stm32f1xx_hal_rcc.o
                                                  build/stm32f1xx_hal_rcc_ex.o
HAL_RCC_GetSysClockFreq                           build/stm32f1xx_hal_rcc.o
HAL_RCC_MCOConfig                                 build/stm32f1xx_hal_rcc.o
HAL_RCC_NMI_IRQHandler                            build/stm32f1xx_hal_rcc.o
                                                  build/stm32f1xx_it.o
HAL_RCC_OscConfig                                 build/stm32f1xx_hal_rcc.o
                                                  build/main.o
HAL_ResumeTick                                    build/stm32f1xx_hal.o
HAL_SYSTICK_CLKSourceConfig                       build/stm32f1xx_hal_cortex.o
                                                  build/main.o
HAL_SYSTICK_Callback                              build/stm32f1xx_hal_cortex.o
HAL_SYSTICK_Config                                build/stm32f1xx_hal_cortex.o
                                                  build/main.o
                                                  build/stm32f1xx_hal.o
HAL_SYSTICK_IRQHandler                            build/stm32f1xx_hal_cortex.o
                                                  build/stm32f1xx_it.o
HAL_SuspendTick                                   build/stm32f1xx_hal.o
HardFault_Handler                                 build/stm32f1xx_it.o
I2C1_ER_IRQHandler                                build/startup_stm32f103xb.o
I2C1_EV_IRQHandler                                build/startup_stm32f103xb.o
I2C2_ER_IRQHandler                                build/startup_stm32f103xb.o
I2C2_EV_IRQHandler                                build/startup_stm32f103xb.o
MX_USB_DEVICE_Init                                build/usb_device.o
                                                  build/main.o
MemManage_Handler                                 build/stm32f1xx_it.o
NMI_Handler                                       build/stm32f1xx_it.o
PVD_IRQHandler                                    build/startup_stm32f103xb.o
PendSV_Handler                                    build/stm32f1xx_it.o
RCC_IRQHandler                                    build/startup_stm32f103xb.o
RTC_Alarm_IRQHandler                              build/startup_stm32f103xb.o
RTC_IRQHandler                                    build/startup_stm32f103xb.o
Reset_Handler                                     build/startup_stm32f103xb.o
SPI1_IRQHandler                                   build/startup_stm32f103xb.o
SPI2_IRQHandler                                   build/startup_stm32f103xb.o
SVC_Handler                                       build/stm32f1xx_it.o
SysTick_Handler                                   build/stm32f1xx_it.o
SystemClock_Config                                build/main.o
SystemCoreClock                                   build/system_stm32f1xx.o
                                                  build/main.o
                                                  build/stm32f1xx_hal_rcc.o
                                                  build/stm32f1xx_hal.o
SystemCoreClockUpdate                             build/system_stm32f1xx.o
SystemInit                                        build/system_stm32f1xx.o
                                                  build/startup_stm32f103xb.o
TAMPER_IRQHandler                                 build/startup_stm32f103xb.o
TIM1_BRK_IRQHandler                               build/startup_stm32f103xb.o
TIM1_CC_IRQHandler                                build/startup_stm32f103xb.o
TIM1_TRG_COM_IRQHandler                           build/startup_stm32f103xb.o
TIM1_UP_IRQHandler                                build/startup_stm32f103xb.o
TIM2_IRQHandler                                   build/startup_stm32f103xb.o
TIM3_IRQHandler                                   build/startup_stm32f103xb.o
TIM4_IRQHandler                                   build/startup_stm32f103xb.o
USART1_IRQHandler                                 build/startup_stm32f103xb.o
USART2_IRQHandler                                 build/startup_stm32f103xb.o
USART3_IRQHandler                                 build/startup_stm32f103xb.o
USBD_ClrClassConfig                               build/usbd_core.o
                                                  build/usbd_ctlreq.o
USBD_CtlContinueRx                                build/usbd_ioreq.o
                                                  build/usbd_core.o
USBD_CtlContinueSendData                          build/usbd_ioreq.o
                                                  build/usbd_core.o
USBD_CtlError                                     build/usbd_ctlreq.o
                                                  build/usbd_hid.o
USBD_CtlPrepareRx                                 build/usbd_ioreq.o
USBD_CtlReceiveStatus                             build/usbd_ioreq.o
                                                  build/usbd_core.o
USBD_CtlSendData                                  build/usbd_ioreq.o
                                                  build/usbd_hid.o
                                                  build/usbd_ctlreq.o
USBD_CtlSendStatus                                build/usbd_ioreq.o
                                                  build/usbd_core.o
                                                  build/usbd_ctlreq.o
USBD_DeInit                                       build/usbd_core.o
USBD_FS_ConfigStrDescriptor                       build/usbd_desc.o
USBD_FS_DeviceDesc                                build/usbd_desc.o
USBD_FS_DeviceDescriptor                          build/usbd_desc.o
USBD_FS_InterfaceStrDescriptor                    build/usbd_desc.o
USBD_FS_LangIDStrDescriptor                       build/usbd_desc.o
USBD_FS_ManufacturerStrDescriptor                 build/usbd_desc.o
USBD_FS_ProductStrDescriptor                      build/usbd_desc.o
USBD_FS_SerialStrDescriptor                       build/usbd_desc.o
USBD_GetRxCount                                   build/usbd_ioreq.o
USBD_GetString                                    build/usbd_ctlreq.o
                                                  build/usbd_desc.o
USBD_HID                                          build/usbd_hid.o
                                                  build/usb_device.o
USBD_HID_GetPollingInterval                       build/usbd_hid.o
USBD_HID_SendReport                               build/usbd_hid.o
                                                  build/main.o
USBD_Init                                         build/usbd_core.o
                                                  build/usb_device.o
USBD_LL_ClearStallEP                              build/usbd_conf.o
                                                  build/usbd_ctlreq.o
USBD_LL_CloseEP                                   build/usbd_conf.o
                                                  build/usbd_hid.o
USBD_LL_DataInStage                               build/usbd_core.o
                                                  build/usbd_conf.o
USBD_LL_DataOutStage                              build/usbd_core.o
                                                  build/usbd_conf.o
USBD_LL_DeInit                                    build/usbd_conf.o
                                                  build/usbd_core.o
USBD_LL_Delay                                     build/usbd_conf.o
USBD_LL_DevConnected                              build/usbd_core.o
                                                  build/usbd_conf.o
USBD_LL_DevDisconnected                           build/usbd_core.o
                                                  build/usbd_conf.o
USBD_LL_FlushEP                                   build/usbd_conf.o
USBD_LL_GetRxDataSize                             build/usbd_conf.o
                                                  build/usbd_ioreq.o
USBD_LL_Init                                      build/usbd_conf.o
                                                  build/usbd_core.o
USBD_LL_IsStallEP                                 build/usbd_conf.o
                                                  build/usbd_ctlreq.o
USBD_LL_IsoINIncomplete                           build/usbd_core.o
                                                  build/usbd_conf.o
USBD_LL_IsoOUTIncomplete                          build/usbd_core.o
                                                  build/usbd_conf.o
USBD_LL_OpenEP                                    build/usbd_conf.o
                                                  build/usbd_core.o
                                                  build/usbd_hid.o
USBD_LL_PrepareReceive                            build/usbd_conf.o
                                                  build/usbd_core.o